Microchip MPLAB XC8 Compiler V2.00 ()

Linker command line:

-W-3 --edf=/Applications/microchip/xc8/v2.00/pic/dat/en_msgs.txt -cs \
  -h+dist/default/production/one.X.production.sym \
  --cmf=dist/default/production/one.X.production.cmf -z -Q16F1937 \
  -o/tmp/xcqx26QGm --defsym=__MPLAB_BUILD=1 \
  -Mdist/default/production/one.X.production.map -E1 -ver=XC8 --acfsm=1493 \
  -ASTACK=02140h-021efh -pstack=STACK -ACODE=00h-07FFhx4 \
  -ASTRCODE=00h-01FFFh -ASTRING=00h-0FFhx32 -ACONST=00h-0FFhx32 \
  -AENTRY=00h-0FFhx32 -ACOMMON=070h-07Fh -ABANK0=020h-06Fh \
  -ABANK1=0A0h-0EFh -ABANK2=0120h-016Fh -ABANK3=01A0h-01EFh \
  -ABANK4=0220h-026Fh -ABANK5=02A0h-02EFh -ABANK6=0320h-032Fh \
  -ABIGRAM=02000h-021EFh \
  -ARAM=020h-06Fh,0A0h-0EFh,0120h-016Fh,01A0h-01EFh,0220h-026Fh,02A0h-02EFh,0320h-032Fh \
  -AABS1=020h-07Fh,0A0h-0EFh,0120h-016Fh,01A0h-01EFh,0220h-026Fh,02A0h-02EFh,0320h-032Fh \
  -ASFR0=00h-01Fh -ASFR1=080h-09Fh -ASFR2=0100h-011Fh -ASFR3=0180h-019Fh \
  -ASFR4=0200h-021Fh -ASFR5=0280h-029Fh -ASFR6=0300h-031Fh \
  -ASFR7=0380h-03EFh -ASFR8=0400h-046Fh -ASFR9=0480h-04EFh \
  -ASFR10=0500h-056Fh -ASFR11=0580h-05EFh -ASFR12=0600h-066Fh \
  -ASFR13=0680h-06EFh -ASFR14=0700h-076Fh -ASFR15=0780h-07EFh \
  -ASFR16=0800h-086Fh -ASFR17=0880h-08EFh -ASFR18=0900h-096Fh \
  -ASFR19=0980h-09EFh -ASFR20=0A00h-0A6Fh -ASFR21=0A80h-0AEFh \
  -ASFR22=0B00h-0B6Fh -ASFR23=0B80h-0BEFh -ASFR24=0C00h-0C6Fh \
  -ASFR25=0C80h-0CEFh -ASFR26=0D00h-0D6Fh -ASFR27=0D80h-0DEFh \
  -ASFR28=0E00h-0E6Fh -ASFR29=0E80h-0EEFh -ASFR30=0F00h-0F6Fh \
  -ASFR31=0F80h-0FEFh -preset_vec=00h,intentry,init,end_init -ppowerup=CODE \
  -pcinit=CODE -pfunctab=ENTRY -ACONFIG=08007h-08008h -pconfig=CONFIG \
  -DCONFIG=2 -AIDLOC=08000h-08003h -pidloc=IDLOC -DIDLOC=2 \
  -AEEDATA=00h-0FFh/0F000h -peeprom_data=EEDATA -DEEDATA=2 -DCODE=2 \
  -DSTRCODE=2 -DSTRING=2 -DCONST=2 -DENTRY=2 -k /tmp/xcs3AqxYE.o \
  dist/default/production/one.X.production.o 

Object code version is 3.11

Machine type is 16F1937



                Name                               Link     Load   Length Selector   Space Scale
/tmp/xcs3AqxYE.o
                end_init                              2        2        2        0       0
                reset_vec                             0        0        2        0       0
                config                             8007     8007        2    1000E       0
dist/default/production/one.X.production.o
                cinit                               7ED      7ED       13      FDA       0
                text49                             1979     1979        B     32F2       0
                text48                             1972     1972        7     32E4       0
                text47                             1A8A     1A8A       22     3514       0
                text46                             195D     195D        4     32BA       0
                text45                             1990     1990        D     3320       0
                text44                             106A     106A       B5     20D4       0
                text43                              800      800       18      FDA       0
                text42                                5        5       11        A       0
                text41                             1B65     1B65       2B     36CA       0
                text40                             19AA     19AA       15     3354       0
                text39                             1A48     1A48       21     3490       0
                text38                             1961     1961        5     32C2       0
                text37                             1AAC     1AAC       22     3558       0
                text36                             19BF     19BF       19     337E       0
                text35                             1ACE     1ACE       23     359C       0
                text34                             111F     111F       EA     223E       0
                text33                             1984     1984        C     3308       0
                text32                             1966     1966        6     32CC       0
                text31                             1C91     1C91       44     3922       0
                text30                             1B90     1B90       2B     3720       0
                text29                             1B3B     1B3B       2A     3676       0
                text28                             1D25     1D25       5C     3A4A       0
                text27                             1C21     1C21       36     3842       0
                text26                             1000     1000       6A     18E0       0
                text25                             1D81     1D81       5D     3B02       0
                text24                              818      818      1DF     1030       0
                text23                             1CD5     1CD5       50     39AA       0
                text22                             1F52     1F52       AE     3EA4       0
                text21                             1B15     1B15       26     362A       0
                text20                             1595     1595      26B     2B2A       0
                text19                             199D     199D        D     333A       0
                text18                              9F7      9F7      279     13EE       0
                text17                             1A69     1A69       21     34D2       0
                text16                               16       16       94       2C       0
                text15                             1E45     1E45       83     3C8A       0
                text14                             1209     1209       EF     2412       0
                text13                             1AF1     1AF1       24     35E2       0
                text12                             19D8     19D8       19     33B0       0
                text11                             1BBB     1BBB       33     3776       0
                text10                               AA       AA      743      154       0
                text9                              1DDE     1DDE       67     3BBC       0
                text8                              1A0A     1A0A       1F     3414       0
                text7                              19F1     19F1       19     33E2       0
                text6                              1BEE     1BEE       33     37DC       0
                text5                              141B     141B      17A     2836       0
                text4                               C70      C70      390     18E0       0
                text3                              1C57     1C57       3A     38AE       0
                text2                              1A29     1A29       1F     3452       0
                text1                              12F8     12F8      123     25F0       0
                maintext                           1EC8     1EC8       8A     3D90       0
                cstackBANK0                          20       20       4F       20       1
                cstackCOMMON                         70       70        E       70       1
                cstackBANK1                          A0       A0       4F       A0       1
                cstackBANK2                         13C      13C       18      120       1
                clrtext                            196C     196C        6     32D8       0
                bssBANK3                            1A0      1A0       50      1A0       1
                bssBANK2                            120      120       1C      120       1
                stringtext14                       193A     193A        3     3000       0
                stringtext13                       1937     1937        3     3000       0
                stringtext12                       1933     1933        4     3000       0
                stringtext11                       192F     192F        4     3000       0
                stringtext10                       192B     192B        4     3000       0
                stringtext9                        1927     1927        4     3000       0
                stringtext8                        1923     1923        4     3000       0
                stringtext7                        191B     191B        8     3000       0
                stringtext6                        1911     1911        A     3000       0
                stringtext5                        1904     1904        D     3000       0
                stringtext4                        18E1     18E1       23     3000       0
                stringtext3                        18AF     18AF       32     3000       0
                stringtext2                        187A     187A       35     3000       0
                stringtext1                        1800     1800       7A     3000       0

TOTAL           Name                               Link     Load   Length     Space
        CLASS   STACK          

        CLASS   CODE           
                end_init                              2        2        2         0
                cinit                               7ED      7ED       13         0
                reset_vec                             0        0        2         0
                text49                             1979     1979        B         0
                text48                             1972     1972        7         0
                text47                             1A8A     1A8A       22         0
                text46                             195D     195D        4         0
                text45                             1990     1990        D         0
                text44                             106A     106A       B5         0
                text43                              800      800       18         0
                text42                                5        5       11         0
                text41                             1B65     1B65       2B         0
                text40                             19AA     19AA       15         0
                text39                             1A48     1A48       21         0
                text38                             1961     1961        5         0
                text37                             1AAC     1AAC       22         0
                text36                             19BF     19BF       19         0
                text35                             1ACE     1ACE       23         0
                text34                             111F     111F       EA         0
                text33                             1984     1984        C         0
                text32                             1966     1966        6         0
                text31                             1C91     1C91       44         0
                text30                             1B90     1B90       2B         0
                text29                             1B3B     1B3B       2A         0
                text28                             1D25     1D25       5C         0
                text27                             1C21     1C21       36         0
                text26                             1000     1000       6A         0
                text25                             1D81     1D81       5D         0
                text24                              818      818      1DF         0
                text23                             1CD5     1CD5       50         0
                text22                             1F52     1F52       AE         0
                text21                             1B15     1B15       26         0
                text20                             1595     1595      26B         0
                text19                             199D     199D        D         0
                text18                              9F7      9F7      279         0
                text17                             1A69     1A69       21         0
                text16                               16       16       94         0
                text15                             1E45     1E45       83         0
                text14                             1209     1209       EF         0
                text13                             1AF1     1AF1       24         0
                text12                             19D8     19D8       19         0
                text11                             1BBB     1BBB       33         0
                text10                               AA       AA      743         0
                text9                              1DDE     1DDE       67         0
                text8                              1A0A     1A0A       1F         0
                text7                              19F1     19F1       19         0
                text6                              1BEE     1BEE       33         0
                text5                              141B     141B      17A         0
                text4                               C70      C70      390         0
                text3                              1C57     1C57       3A         0
                text2                              1A29     1A29       1F         0
                text1                              12F8     12F8      123         0
                maintext                           1EC8     1EC8       8A         0
                clrtext                            196C     196C        6         0

        CLASS   STRCODE        
                stringtext14                       193A     193A        3         0
                stringtext13                       1937     1937        3         0
                stringtext12                       1933     1933        4         0
                stringtext11                       192F     192F        4         0
                stringtext10                       192B     192B        4         0
                stringtext9                        1927     1927        4         0
                stringtext8                        1923     1923        4         0
                stringtext7                        191B     191B        8         0
                stringtext6                        1911     1911        A         0
                stringtext5                        1904     1904        D         0
                stringtext4                        18E1     18E1       23         0
                stringtext3                        18AF     18AF       32         0
                stringtext2                        187A     187A       35         0
                stringtext1                        1800     1800       7A         0

        CLASS   STRING         

        CLASS   CONST          

        CLASS   ENTRY          

        CLASS   COMMON         
                cstackCOMMON                         70       70        E         1

        CLASS   BANK0          
                cstackBANK0                          20       20       4F         1

        CLASS   BANK1          
                cstackBANK1                          A0       A0       4F         1

        CLASS   BANK2          
                cstackBANK2                         13C      13C       18         1
                bssBANK2                            120      120       1C         1

        CLASS   BANK3          
                bssBANK3                            1A0      1A0       50         1

        CLASS   BANK4          

        CLASS   BANK5          

        CLASS   BANK6          

        CLASS   BIGRAM         

        CLASS   RAM            

        CLASS   ABS1           
                abs_s1                               7E       7E        2         1

        CLASS   SFR0           

        CLASS   SFR1           

        CLASS   SFR2           

        CLASS   SFR3           

        CLASS   SFR4           

        CLASS   SFR5           

        CLASS   SFR6           

        CLASS   SFR7           

        CLASS   SFR8           

        CLASS   SFR9           

        CLASS   SFR10          

        CLASS   SFR11          

        CLASS   SFR12          

        CLASS   SFR13          

        CLASS   SFR14          

        CLASS   SFR15          

        CLASS   SFR16          

        CLASS   SFR17          

        CLASS   SFR18          

        CLASS   SFR19          

        CLASS   SFR20          

        CLASS   SFR21          

        CLASS   SFR22          

        CLASS   SFR23          

        CLASS   SFR24          

        CLASS   SFR25          

        CLASS   SFR26          

        CLASS   SFR27          

        CLASS   SFR28          

        CLASS   SFR29          

        CLASS   SFR30          

        CLASS   SFR31          

        CLASS   CONFIG         
                config                             8007     8007        2         0

        CLASS   IDLOC          

        CLASS   EEDATA         

        CLASS   BANK31         

        CLASS   BANK30         

        CLASS   BANK29         

        CLASS   BANK28         

        CLASS   BANK27         

        CLASS   BANK26         

        CLASS   BANK25         

        CLASS   BANK24         

        CLASS   BANK23         

        CLASS   BANK22         

        CLASS   BANK21         

        CLASS   BANK20         

        CLASS   BANK19         

        CLASS   BANK18         

        CLASS   BANK17         

        CLASS   BANK16         

        CLASS   BANK15         

        CLASS   BANK14         

        CLASS   BANK13         

        CLASS   BANK12         

        CLASS   BANK11         

        CLASS   BANK10         

        CLASS   BANK9          

        CLASS   BANK8          

        CLASS   BANK7          



SEGMENTS        Name                           Load    Length   Top    Selector   Space  Class     Delta

                reset_vec                      000000  000004  000004         0       0  CODE        2
                text42                         000005  000011  000016         A       0  CODE        2
                cstackBANK0                    000020  00004F  00006F        20       1  BANK0       1
                text16                         000016  000094  0000AA        2C       0  CODE        2
                cstackCOMMON                   000070  00000E  00007E        70       1  COMMON      1
                cstackBANK1                    0000A0  00004F  0000EF        A0       1  BANK1       1
                bssBANK2                       000120  000034  000154       120       1  BANK2       1
                text10                         0000AA  000743  0007ED       154       0  CODE        2
                bssBANK3                       0001A0  000050  0001F0       1A0       1  BANK3       1
                cinit                          0007ED  00002B  000818       FDA       0  CODE        2
                text24                         000818  0001DF  0009F7      1030       0  CODE        2
                text18                         0009F7  000279  000C70      13EE       0  CODE        2
                text4                          000C70  0003FA  00106A      18E0       0  CODE        2
                text44                         00106A  0000B5  00111F      20D4       0  CODE        2
                text34                         00111F  0000EA  001209      223E       0  CODE        2
                text14                         001209  0000EF  0012F8      2412       0  CODE        2
                text1                          0012F8  000123  00141B      25F0       0  CODE        2
                text5                          00141B  00017A  001595      2836       0  CODE        2
                text20                         001595  00026B  001800      2B2A       0  CODE        2
                stringtext1                    001800  00013D  00193D      3000       0  STRCODE     2
                text46                         00195D  000004  001961      32BA       0  CODE        2
                text38                         001961  000005  001966      32C2       0  CODE        2
                text32                         001966  000006  00196C      32CC       0  CODE        2
                clrtext                        00196C  000006  001972      32D8       0  CODE        2
                text48                         001972  000007  001979      32E4       0  CODE        2
                text49                         001979  00000B  001984      32F2       0  CODE        2
                text33                         001984  00000C  001990      3308       0  CODE        2
                text45                         001990  00000D  00199D      3320       0  CODE        2
                text19                         00199D  00000D  0019AA      333A       0  CODE        2
                text40                         0019AA  000015  0019BF      3354       0  CODE        2
                text36                         0019BF  000019  0019D8      337E       0  CODE        2
                text12                         0019D8  000019  0019F1      33B0       0  CODE        2
                text7                          0019F1  000019  001A0A      33E2       0  CODE        2
                text8                          001A0A  00001F  001A29      3414       0  CODE        2
                text2                          001A29  00001F  001A48      3452       0  CODE        2
                text39                         001A48  000021  001A69      3490       0  CODE        2
                text17                         001A69  000021  001A8A      34D2       0  CODE        2
                text47                         001A8A  000022  001AAC      3514       0  CODE        2
                text37                         001AAC  000022  001ACE      3558       0  CODE        2
                text35                         001ACE  000023  001AF1      359C       0  CODE        2
                text13                         001AF1  000024  001B15      35E2       0  CODE        2
                text21                         001B15  000026  001B3B      362A       0  CODE        2
                text29                         001B3B  00002A  001B65      3676       0  CODE        2
                text41                         001B65  00002B  001B90      36CA       0  CODE        2
                text30                         001B90  00002B  001BBB      3720       0  CODE        2
                text11                         001BBB  000033  001BEE      3776       0  CODE        2
                text6                          001BEE  000033  001C21      37DC       0  CODE        2
                text27                         001C21  000036  001C57      3842       0  CODE        2
                text3                          001C57  00003A  001C91      38AE       0  CODE        2
                text31                         001C91  000044  001CD5      3922       0  CODE        2
                text23                         001CD5  000050  001D25      39AA       0  CODE        2
                text28                         001D25  00005C  001D81      3A4A       0  CODE        2
                text25                         001D81  00005D  001DDE      3B02       0  CODE        2
                text9                          001DDE  000067  001E45      3BBC       0  CODE        2
                text15                         001E45  000083  001EC8      3C8A       0  CODE        2
                maintext                       001EC8  00008A  001F52      3D90       0  CODE        2
                text22                         001F52  0000AE  002000      3EA4       0  CODE        2
                config                         008007  000002  008009     1000E       0  CONFIG      2


UNUSED ADDRESS RANGES

        Name                Unused          Largest block    Delta
        BANK0            0006F-0006F               1           1
        BANK1            000EF-000EF               1           1
        BANK2            00154-0016F              1C           1
        BANK4            00220-0026F              50           1
        BANK5            002A0-002EF              50           1
        BANK6            00320-0032F              10           1
        BIGRAM           02000-021EF             1F0           1
        CODE             00004-00004               1           2
                         0193D-0195C              20
        CONST            00004-00004               1           2
                         0193D-0195C              20
        EEDATA           0F000-0F0FF             100           2
        ENTRY            00004-00004               1           2
                         0193D-0195C              20
        IDLOC            08000-08003               4           2
        RAM              0006F-0006F               1           1
                         000EF-000EF               1
                         00154-0016F              1C
                         00220-0026F              50
                         002A0-002EF              50
                         00320-0032F              10
        SFR0             00000-0001F              20           1
        SFR1             00080-0009F              20           1
        SFR10            00500-0056F              70           1
        SFR11            00580-005EF              70           1
        SFR12            00600-0066F              70           1
        SFR13            00680-006EF              70           1
        SFR14            00700-0076F              70           1
        SFR15            00780-007EF              70           1
        SFR16            00800-0086F              70           1
        SFR17            00880-008EF              70           1
        SFR18            00900-0096F              70           1
        SFR19            00980-009EF              70           1
        SFR2             00100-0011F              20           1
        SFR20            00A00-00A6F              70           1
        SFR21            00A80-00AEF              70           1
        SFR22            00B00-00B6F              70           1
        SFR23            00B80-00BEF              70           1
        SFR24            00C00-00C6F              70           1
        SFR25            00C80-00CEF              70           1
        SFR26            00D00-00D6F              70           1
        SFR27            00D80-00DEF              70           1
        SFR28            00E00-00E6F              70           1
        SFR29            00E80-00EEF              70           1
        SFR3             00180-0019F              20           1
        SFR30            00F00-00F6F              70           1
        SFR31            00F80-00FEF              70           1
        SFR4             00200-0021F              20           1
        SFR5             00280-0029F              20           1
        SFR6             00300-0031F              20           1
        SFR7             00380-003EF              70           1
        SFR8             00400-0046F              70           1
        SFR9             00480-004EF              70           1
        STACK            02140-021EF              B0           1
        STRCODE          00004-00004               1           2
                         0193D-0195C              20
        STRING           00004-00004               1           2
                         0193D-0195C              20

                                  Symbol Table

?__Umul8_16                      cstackCOMMON 00070
?___awdiv                        cstackCOMMON 00076
?___awmod                        cstackCOMMON 00070
?___fladd                        cstackCOMMON 00070
?___fldiv                        cstackCOMMON 00070
?___flmul                        cstackBANK0  00020
?___flneg                        cstackCOMMON 00070
?___flsub                        cstackBANK0  00035
?___fltol                        cstackCOMMON 00070
?___fpclassifyf                  cstackCOMMON 00070
?___wmul                         cstackCOMMON 00070
?___xxtofl                       cstackBANK2  0013C
?_atoi                           cstackCOMMON 00076
?_ctoa                           cstackBANK0  0002D
?_efgtoa                         cstackBANK0  00045
?_floorf                         cstackBANK0  0002D
?_getTemp                        cstackBANK1  000E5
?_isalpha                        cstackCOMMON 00070
?_isdigit                        cstackCOMMON 00070
?_islower                        cstackCOMMON 00070
?_isspace                        cstackCOMMON 00070
?_isupper                        cstackCOMMON 00070
?_pad                            cstackBANK0  00024
?_printf                         cstackBANK1  000DC
?_strlen                         cstackCOMMON 00070
?_strncmp                        cstackCOMMON 00070
?_tolower                        cstackCOMMON 00076
?_toupper                        cstackCOMMON 00076
?_vfpfcnvrt                      cstackBANK0  0004E
?_vfprintf                       cstackBANK0  00069
?_xtoa                           cstackBANK0  0002D
EUSART_Write@txData              cstackCOMMON 00070
_ANSELA                          (abs)        0018C
_ANSELB                          (abs)        0018D
_ANSELD                          (abs)        0018F
_ANSELE                          (abs)        00190
_APFCON                          (abs)        0011D
_BAUDCON                         (abs)        0019F
_BORCON                          (abs)        00116
_EUSART_Initialize               text49       01979
_EUSART_Write                    text33       01984
_LATA                            (abs)        0010C
_LATAbits                        (abs)        0010C
_LATB                            (abs)        0010D
_LATC                            (abs)        0010E
_LATD                            (abs)        0010F
_LATE                            (abs)        00110
_OPTION_REGbits                  (abs)        00095
_OSCCON                          (abs)        00099
_OSCILLATOR_Initialize           text48       01972
_OSCTUNE                         (abs)        00098
_PIN_MANAGER_Initialize          text47       01A8A
_PIR1bits                        (abs)        00011
_PORTAbits                       (abs)        0000C
_RCREG                           (abs)        00199
_RCSTA                           (abs)        0019D
_RCSTAbits                       (abs)        0019D
_SENSOR                          bssBANK2     00120
_SPBRGH                          (abs)        0019C
_SPBRGL                          (abs)        0019B
_SYSTEM_Initialize               text45       01990
_TRISA                           (abs)        0008C
_TRISAbits                       (abs)        0008C
_TRISB                           (abs)        0008D
_TRISC                           (abs)        0008E
_TRISD                           (abs)        0008F
_TRISE                           (abs)        00090
_TXREG                           (abs)        0019A
_TXSTA                           (abs)        0019E
_TXSTAbits                       (abs)        0019E
_WDTCON                          (abs)        00097
_WDT_Initialize                  text46       0195D
_WPUB                            (abs)        0020D
_WPUE                            (abs)        00210
__CFG_BOREN$OFF                  (abs)        00000
__CFG_BORV$LO                    (abs)        00000
__CFG_CLKOUTEN$OFF               (abs)        00000
__CFG_CP$OFF                     (abs)        00000
__CFG_CPD$OFF                    (abs)        00000
__CFG_FCMEN$ON                   (abs)        00000
__CFG_FOSC$INTOSC                (abs)        00000
__CFG_IESO$ON                    (abs)        00000
__CFG_LVP$OFF                    (abs)        00000
__CFG_MCLRE$ON                   (abs)        00000
__CFG_PLLEN$OFF                  (abs)        00000
__CFG_PWRTE$OFF                  (abs)        00000
__CFG_STVREN$ON                  (abs)        00000
__CFG_VCAPEN$OFF                 (abs)        00000
__CFG_WDTE$OFF                   (abs)        00000
__CFG_WRT$OFF                    (abs)        00000
__Habs1                          abs1         00000
__Hbank0                         bank0        00000
__Hbank1                         bank1        00000
__Hbank10                        bank10       00000
__Hbank11                        bank11       00000
__Hbank12                        bank12       00000
__Hbank13                        bank13       00000
__Hbank14                        bank14       00000
__Hbank15                        bank15       00000
__Hbank16                        bank16       00000
__Hbank17                        bank17       00000
__Hbank18                        bank18       00000
__Hbank19                        bank19       00000
__Hbank2                         bank2        00000
__Hbank20                        bank20       00000
__Hbank21                        bank21       00000
__Hbank22                        bank22       00000
__Hbank23                        bank23       00000
__Hbank24                        bank24       00000
__Hbank25                        bank25       00000
__Hbank26                        bank26       00000
__Hbank27                        bank27       00000
__Hbank28                        bank28       00000
__Hbank29                        bank29       00000
__Hbank3                         bank3        00000
__Hbank30                        bank30       00000
__Hbank31                        bank31       00000
__Hbank4                         bank4        00000
__Hbank5                         bank5        00000
__Hbank6                         bank6        00000
__Hbank7                         bank7        00000
__Hbank8                         bank8        00000
__Hbank9                         bank9        00000
__Hbigram                        bigram       00000
__HbssBANK2                      bssBANK2     00000
__HbssBANK3                      bssBANK3     00000
__Hcinit                         cinit        00800
__Hclrtext                       clrtext      00000
__Hcode                          code         00000
__Hcommon                        common       00000
__Hconfig                        config       08009
__HcstackBANK0                   cstackBANK0  00000
__HcstackBANK1                   cstackBANK1  00000
__HcstackBANK2                   cstackBANK2  00000
__HcstackCOMMON                  cstackCOMMON 00000
__Heeprom_data                   eeprom_data  00000
__Hend_init                      end_init     00004
__Hfunctab                       functab      00000
__Hidloc                         idloc        00000
__Hinit                          init         00002
__Hintentry                      intentry     00002
__Hmaintext                      maintext     00000
__Hpowerup                       powerup      00000
__Hram                           ram          00000
__Hreset_vec                     reset_vec    00002
__Hsfr0                          sfr0         00000
__Hsfr1                          sfr1         00000
__Hsfr10                         sfr10        00000
__Hsfr11                         sfr11        00000
__Hsfr12                         sfr12        00000
__Hsfr13                         sfr13        00000
__Hsfr14                         sfr14        00000
__Hsfr15                         sfr15        00000
__Hsfr16                         sfr16        00000
__Hsfr17                         sfr17        00000
__Hsfr18                         sfr18        00000
__Hsfr19                         sfr19        00000
__Hsfr2                          sfr2         00000
__Hsfr20                         sfr20        00000
__Hsfr21                         sfr21        00000
__Hsfr22                         sfr22        00000
__Hsfr23                         sfr23        00000
__Hsfr24                         sfr24        00000
__Hsfr25                         sfr25        00000
__Hsfr26                         sfr26        00000
__Hsfr27                         sfr27        00000
__Hsfr28                         sfr28        00000
__Hsfr29                         sfr29        00000
__Hsfr3                          sfr3         00000
__Hsfr30                         sfr30        00000
__Hsfr31                         sfr31        00000
__Hsfr4                          sfr4         00000
__Hsfr5                          sfr5         00000
__Hsfr6                          sfr6         00000
__Hsfr7                          sfr7         00000
__Hsfr8                          sfr8         00000
__Hsfr9                          sfr9         00000
__Hspace_0                       (abs)        08009
__Hspace_1                       (abs)        001F0
__Hspace_2                       (abs)        00000
__Hspace_3                       (abs)        00000
__Hstack                         stack        00000
__Hstrings                       strings      00000
__Hstringtext1                   stringtext1  00000
__Hstringtext10                  stringtext10 00000
__Hstringtext11                  stringtext11 00000
__Hstringtext12                  stringtext12 00000
__Hstringtext13                  stringtext13 00000
__Hstringtext14                  stringtext14 00000
__Hstringtext15                  stringtext15 00000
__Hstringtext2                   stringtext2  00000
__Hstringtext3                   stringtext3  00000
__Hstringtext4                   stringtext4  00000
__Hstringtext5                   stringtext5  00000
__Hstringtext6                   stringtext6  00000
__Hstringtext7                   stringtext7  00000
__Hstringtext8                   stringtext8  00000
__Hstringtext9                   stringtext9  00000
__Htext                          text         00000
__Labs1                          abs1         00000
__Lbank0                         bank0        00000
__Lbank1                         bank1        00000
__Lbank10                        bank10       00000
__Lbank11                        bank11       00000
__Lbank12                        bank12       00000
__Lbank13                        bank13       00000
__Lbank14                        bank14       00000
__Lbank15                        bank15       00000
__Lbank16                        bank16       00000
__Lbank17                        bank17       00000
__Lbank18                        bank18       00000
__Lbank19                        bank19       00000
__Lbank2                         bank2        00000
__Lbank20                        bank20       00000
__Lbank21                        bank21       00000
__Lbank22                        bank22       00000
__Lbank23                        bank23       00000
__Lbank24                        bank24       00000
__Lbank25                        bank25       00000
__Lbank26                        bank26       00000
__Lbank27                        bank27       00000
__Lbank28                        bank28       00000
__Lbank29                        bank29       00000
__Lbank3                         bank3        00000
__Lbank30                        bank30       00000
__Lbank31                        bank31       00000
__Lbank4                         bank4        00000
__Lbank5                         bank5        00000
__Lbank6                         bank6        00000
__Lbank7                         bank7        00000
__Lbank8                         bank8        00000
__Lbank9                         bank9        00000
__Lbigram                        bigram       00000
__LbssBANK2                      bssBANK2     00000
__LbssBANK3                      bssBANK3     00000
__Lcinit                         cinit        007ED
__Lclrtext                       clrtext      00000
__Lcode                          code         00000
__Lcommon                        common       00000
__Lconfig                        config       08007
__LcstackBANK0                   cstackBANK0  00000
__LcstackBANK1                   cstackBANK1  00000
__LcstackBANK2                   cstackBANK2  00000
__LcstackCOMMON                  cstackCOMMON 00000
__Leeprom_data                   eeprom_data  00000
__Lend_init                      end_init     00002
__Lfunctab                       functab      00000
__Lidloc                         idloc        00000
__Linit                          init         00002
__Lintentry                      intentry     00002
__Lmaintext                      maintext     00000
__Lpowerup                       powerup      00000
__Lram                           ram          00000
__Lreset_vec                     reset_vec    00000
__Lsfr0                          sfr0         00000
__Lsfr1                          sfr1         00000
__Lsfr10                         sfr10        00000
__Lsfr11                         sfr11        00000
__Lsfr12                         sfr12        00000
__Lsfr13                         sfr13        00000
__Lsfr14                         sfr14        00000
__Lsfr15                         sfr15        00000
__Lsfr16                         sfr16        00000
__Lsfr17                         sfr17        00000
__Lsfr18                         sfr18        00000
__Lsfr19                         sfr19        00000
__Lsfr2                          sfr2         00000
__Lsfr20                         sfr20        00000
__Lsfr21                         sfr21        00000
__Lsfr22                         sfr22        00000
__Lsfr23                         sfr23        00000
__Lsfr24                         sfr24        00000
__Lsfr25                         sfr25        00000
__Lsfr26                         sfr26        00000
__Lsfr27                         sfr27        00000
__Lsfr28                         sfr28        00000
__Lsfr29                         sfr29        00000
__Lsfr3                          sfr3         00000
__Lsfr30                         sfr30        00000
__Lsfr31                         sfr31        00000
__Lsfr4                          sfr4         00000
__Lsfr5                          sfr5         00000
__Lsfr6                          sfr6         00000
__Lsfr7                          sfr7         00000
__Lsfr8                          sfr8         00000
__Lsfr9                          sfr9         00000
__Lspace_0                       (abs)        00000
__Lspace_1                       (abs)        00000
__Lspace_2                       (abs)        00000
__Lspace_3                       (abs)        00000
__Lstack                         stack        00000
__Lstrings                       strings      00000
__Lstringtext1                   stringtext1  00000
__Lstringtext10                  stringtext10 00000
__Lstringtext11                  stringtext11 00000
__Lstringtext12                  stringtext12 00000
__Lstringtext13                  stringtext13 00000
__Lstringtext14                  stringtext14 00000
__Lstringtext15                  stringtext15 00000
__Lstringtext2                   stringtext2  00000
__Lstringtext3                   stringtext3  00000
__Lstringtext4                   stringtext4  00000
__Lstringtext5                   stringtext5  00000
__Lstringtext6                   stringtext6  00000
__Lstringtext7                   stringtext7  00000
__Lstringtext8                   stringtext8  00000
__Lstringtext9                   stringtext9  00000
__Ltext                          text         00000
__S0                             (abs)        08009
__S1                             (abs)        001F0
__S2                             (abs)        00000
__S3                             (abs)        00000
__Umul8_16                       text21       01B15
__Umul8_16@multiplicand          cstackCOMMON 00070
__Umul8_16@multiplier            cstackCOMMON 00078
__Umul8_16@product               cstackCOMMON 00074
__Umul8_16@word_mpld             cstackCOMMON 00076
___awdiv                         text26       01000
___awdiv@counter                 cstackBANK0  00020
___awdiv@dividend                cstackCOMMON 00078
___awdiv@divisor                 cstackCOMMON 00076
___awdiv@quotient                cstackBANK0  00022
___awdiv@sign                    cstackBANK0  00021
___awmod                         text25       01D81
___awmod@counter                 cstackCOMMON 00075
___awmod@dividend                cstackCOMMON 00072
___awmod@divisor                 cstackCOMMON 00070
___awmod@sign                    cstackCOMMON 00076
___fladd                         text18       009F7
___fladd@a                       cstackCOMMON 00074
___fladd@aexp                    cstackCOMMON 00079
___fladd@b                       cstackCOMMON 00070
___fladd@bexp                    cstackCOMMON 0007A
___fladd@grs                     cstackCOMMON 0007B
___fladd@signs                   cstackCOMMON 00078
___fldiv                         text24       00818
___fldiv@a                       cstackCOMMON 00070
___fldiv@aexp                    cstackBANK0  0002C
___fldiv@b                       cstackCOMMON 00074
___fldiv@bexp                    cstackBANK0  0002B
___fldiv@grs                     cstackBANK0  00027
___fldiv@new_exp                 cstackBANK0  00025
___fldiv@rem                     cstackBANK0  00020
___fldiv@sign                    cstackBANK0  00024
___fleq                          text23       01CD5
___fleq@ff1                      cstackCOMMON 00070
___fleq@ff2                      cstackCOMMON 00074
___flge                          text22       01F52
___flge@ff1                      cstackBANK0  00035
___flge@ff2                      cstackBANK0  00039
___flmul                         text20       01595
___flmul@a                       cstackBANK0  00024
___flmul@aexp                    cstackBANK0  0002D
___flmul@b                       cstackBANK0  00020
___flmul@bexp                    cstackBANK0  0002E
___flmul@grs                     cstackBANK0  00029
___flmul@prod                    cstackBANK0  0002F
___flmul@sign                    cstackBANK0  00028
___flmul@temp                    cstackBANK0  00033
___flneg                         text19       0199D
___flneg@f1                      cstackCOMMON 00070
___flsub                         text17       01A69
___flsub@a                       cstackBANK0  00035
___flsub@b                       cstackBANK0  00039
___fltol                         text16       00016
___fltol@exp1                    cstackCOMMON 0007A
___fltol@f1                      cstackCOMMON 00070
___fltol@sign1                   cstackCOMMON 00079
___fpclassifyf                   text15       01E45
___fpclassifyf@F453              bssBANK2     0012D
___fpclassifyf@e                 cstackBANK0  00020
___fpclassifyf@u                 cstackBANK0  00022
___fpclassifyf@x                 cstackCOMMON 00070
___int_sp                        stack        00000
___latbits                       (abs)        00002
___sp                            stack        00000
___wmul                          text37       01AAC
___wmul@multiplicand             cstackCOMMON 00072
___wmul@multiplier               cstackCOMMON 00070
___wmul@product                  cstackCOMMON 00074
___xxtofl                        text44       0106A
___xxtofl@arg                    cstackBANK2  00146
___xxtofl@exp                    cstackBANK2  00145
___xxtofl@sign                   cstackBANK2  00144
___xxtofl@val                    cstackBANK2  0013C
__end_of_EUSART_Initialize       text49       01984
__end_of_EUSART_Write            text33       01990
__end_of_OSCILLATOR_Initialize   text48       01979
__end_of_PIN_MANAGER_Initialize  text47       01AAC
__end_of_SYSTEM_Initialize       text45       0199D
__end_of_WDT_Initialize          text46       01961
__end_of__Umul8_16               text21       01B3B
__end_of___awdiv                 text26       0106A
__end_of___awmod                 text25       01DDE
__end_of___fladd                 text18       00C70
__end_of___fldiv                 text24       009F7
__end_of___fleq                  text23       01D25
__end_of___flge                  text22       02000
__end_of___flmul                 text20       01800
__end_of___flneg                 text19       019AA
__end_of___flsub                 text17       01A8A
__end_of___fltol                 text16       000AA
__end_of___fpclassifyf           text15       01EC8
__end_of___wmul                  text37       01ACE
__end_of___xxtofl                text44       0111F
__end_of__initialization         cinit        007FD
__end_of_atoi                    text34       01209
__end_of_ctoa                    text27       01C57
__end_of_efgtoa                  text10       007ED
__end_of_floorf                  text14       012F8
__end_of_fputc                   text31       01CD5
__end_of_fputs                   text30       01BBB
__end_of_getTemp                 text1        0141B
__end_of_isalpha                 text8        01A29
__end_of_isdigit                 text36       019D8
__end_of_islower                 text7        01A0A
__end_of_isspace                 text35       01AF1
__end_of_isupper                 text12       019F1
__end_of_main                    maintext     01F52
__end_of_ow_master_reset         text43       00818
__end_of_ow_read_bit             text42       00016
__end_of_ow_read_byte            text41       01B90
__end_of_ow_skip_rom             text38       01966
__end_of_ow_write_bit            text40       019BF
__end_of_ow_write_byte           text39       01A69
__end_of_pad                     text28       01D81
__end_of_printf                  text2        01A48
__end_of_putch                   text32       0196C
__end_of_strcpy                  text13       01B15
__end_of_strlen                  text29       01B65
__end_of_strncmp                 text9        01E45
__end_of_tolower                 text11       01BEE
__end_of_toupper                 text6        01C21
__end_of_vfpfcnvrt               text4        01000
__end_of_vfprintf                text3        01C91
__end_of_xtoa                    text5        01595
__initialization                 cinit        007ED
__pbssBANK2                      bssBANK2     00120
__pbssBANK3                      bssBANK3     001A0
__pcstackBANK0                   cstackBANK0  00020
__pcstackBANK1                   cstackBANK1  000A0
__pcstackBANK2                   cstackBANK2  0013C
__pcstackCOMMON                  cstackCOMMON 00070
__pmaintext                      maintext     01EC8
__pstringtext1                   stringtext1  01800
__pstringtext10                  stringtext10 0192B
__pstringtext11                  stringtext11 0192F
__pstringtext12                  stringtext12 01933
__pstringtext13                  stringtext13 01937
__pstringtext14                  stringtext14 0193A
__pstringtext15                  stringtext15 00000
__pstringtext2                   stringtext2  0187A
__pstringtext3                   stringtext3  018AF
__pstringtext4                   stringtext4  018E1
__pstringtext5                   stringtext5  01904
__pstringtext6                   stringtext6  01911
__pstringtext7                   stringtext7  0191B
__pstringtext8                   stringtext8  01923
__pstringtext9                   stringtext9  01927
__ptext1                         text1        012F8
__ptext10                        text10       000AA
__ptext11                        text11       01BBB
__ptext12                        text12       019D8
__ptext13                        text13       01AF1
__ptext14                        text14       01209
__ptext15                        text15       01E45
__ptext16                        text16       00016
__ptext17                        text17       01A69
__ptext18                        text18       009F7
__ptext19                        text19       0199D
__ptext2                         text2        01A29
__ptext20                        text20       01595
__ptext21                        text21       01B15
__ptext22                        text22       01F52
__ptext23                        text23       01CD5
__ptext24                        text24       00818
__ptext25                        text25       01D81
__ptext26                        text26       01000
__ptext27                        text27       01C21
__ptext28                        text28       01D25
__ptext29                        text29       01B3B
__ptext3                         text3        01C57
__ptext30                        text30       01B90
__ptext31                        text31       01C91
__ptext32                        text32       01966
__ptext33                        text33       01984
__ptext34                        text34       0111F
__ptext35                        text35       01ACE
__ptext36                        text36       019BF
__ptext37                        text37       01AAC
__ptext38                        text38       01961
__ptext39                        text39       01A48
__ptext4                         text4        00C70
__ptext40                        text40       019AA
__ptext41                        text41       01B65
__ptext42                        text42       00005
__ptext43                        text43       00800
__ptext44                        text44       0106A
__ptext45                        text45       01990
__ptext46                        text46       0195D
__ptext47                        text47       01A8A
__ptext48                        text48       01972
__ptext49                        text49       01979
__ptext5                         text5        0141B
__ptext6                         text6        01BEE
__ptext7                         text7        019F1
__ptext8                         text8        01A0A
__ptext9                         text9        01DDE
__size_of_EUSART_Initialize      (abs)        00000
__size_of_EUSART_Write           (abs)        00000
__size_of_OSCILLATOR_Initialize  (abs)        00000
__size_of_PIN_MANAGER_Initialize (abs)        00000
__size_of_SYSTEM_Initialize      (abs)        00000
__size_of_WDT_Initialize         (abs)        00000
__size_of__Umul8_16              (abs)        00000
__size_of___awdiv                (abs)        00000
__size_of___awmod                (abs)        00000
__size_of___fladd                (abs)        00000
__size_of___fldiv                (abs)        00000
__size_of___fleq                 (abs)        00000
__size_of___flge                 (abs)        00000
__size_of___flmul                (abs)        00000
__size_of___flneg                (abs)        00000
__size_of___flsub                (abs)        00000
__size_of___fltol                (abs)        00000
__size_of___fpclassifyf          (abs)        00000
__size_of___wmul                 (abs)        00000
__size_of___xxtofl               (abs)        00000
__size_of_atoi                   (abs)        00000
__size_of_ctoa                   (abs)        00000
__size_of_efgtoa                 (abs)        00000
__size_of_floorf                 (abs)        00000
__size_of_fputc                  (abs)        00000
__size_of_fputs                  (abs)        00000
__size_of_getTemp                (abs)        00000
__size_of_isalpha                (abs)        00000
__size_of_isdigit                (abs)        00000
__size_of_islower                (abs)        00000
__size_of_isspace                (abs)        00000
__size_of_isupper                (abs)        00000
__size_of_main                   (abs)        00000
__size_of_ow_master_reset        (abs)        00000
__size_of_ow_read_bit            (abs)        00000
__size_of_ow_read_byte           (abs)        00000
__size_of_ow_skip_rom            (abs)        00000
__size_of_ow_write_bit           (abs)        00000
__size_of_ow_write_byte          (abs)        00000
__size_of_pad                    (abs)        00000
__size_of_printf                 (abs)        00000
__size_of_putch                  (abs)        00000
__size_of_strcpy                 (abs)        00000
__size_of_strlen                 (abs)        00000
__size_of_strncmp                (abs)        00000
__size_of_tolower                (abs)        00000
__size_of_toupper                (abs)        00000
__size_of_vfpfcnvrt              (abs)        00000
__size_of_vfprintf               (abs)        00000
__size_of_xtoa                   (abs)        00000
_atoi                            text34       0111F
_atoi$1000                       cstackBANK0  00022
_atoi$1001                       cstackBANK0  00026
_atoi$1002                       cstackBANK0  00024
_ctoa                            text27       01C21
_dbuf                            bssBANK3     001A0
_efgtoa                          text10       000AA
_efgtoa$654                      cstackBANK1  000A4
_efgtoa$655                      cstackBANK1  000A6
_efgtoa$659                      cstackBANK1  000A8
_efgtoa$663                      cstackBANK1  000AA
_efgtoa$664                      cstackBANK1  000AC
_efgtoa$665                      cstackBANK1  000AE
_flags                           bssBANK2     0013A
_floorf                          text14       01209
_fputc                           text31       01C91
_fputs                           text30       01B90
_getTemp                         text1        012F8
_isalpha                         text8        01A0A
_isdigit                         text36       019BF
_islower                         text7        019F1
_isspace                         text35       01ACE
_isspace$1040                    cstackCOMMON 00074
_isupper                         text12       019D8
_main                            maintext     01EC8
_main$1371                       cstackBANK2  00150
_nout                            bssBANK2     00134
_ow_master_reset                 text43       00800
_ow_read_bit                     text42       00005
_ow_read_byte                    text41       01B65
_ow_skip_rom                     text38       01961
_ow_write_bit                    text40       019AA
_ow_write_byte                   text39       01A48
_pad                             text28       01D25
_prec                            bssBANK2     00138
_printf                          text2        01A29
_putch                           text32       01966
_strcpy                          text13       01AF1
_strlen                          text29       01B3B
_strncmp                         text9        01DDE
_tolower                         text11       01BBB
_tolower$1114                    cstackCOMMON 0007C
_toupper                         text6        01BEE
_toupper$1129                    cstackCOMMON 0007C
_vfpfcnvrt                       text4        00C70
_vfpfcnvrt$690                   cstackBANK0  0005C
_vfpfcnvrt$695                   cstackBANK0  0005E
_vfprintf                        text3        01C57
_width                           bssBANK2     00136
_xtoa                            text5        0141B
_xtoa$675                        cstackBANK0  00038
_xtoa$676                        cstackBANK0  0003A
atoi@n                           cstackBANK0  00027
atoi@neg                         cstackBANK0  00020
atoi@s                           cstackCOMMON 00076
btemp                            (abs)        0007E
clear_ram0                       clrtext      0196C
conv_int_to_string@F3295         bssBANK2     00131
ctoa@c                           cstackBANK0  0002D
ctoa@fp                          cstackBANK0  00032
ctoa@w                           cstackBANK0  00030
efgtoa@c                         cstackBANK0  00049
efgtoa@d                         cstackBANK1  000B8
efgtoa@e                         cstackBANK1  000D1
efgtoa@f                         cstackBANK0  00045
efgtoa@fp                        cstackBANK1  000BC
efgtoa@g                         cstackBANK1  000CD
efgtoa@h                         cstackBANK1  000C3
efgtoa@i                         cstackBANK1  000CB
efgtoa@l                         cstackBANK1  000C7
efgtoa@m                         cstackBANK1  000B4
efgtoa@mode                      cstackBANK1  000C2
efgtoa@n                         cstackBANK1  000D3
efgtoa@ne                        cstackBANK1  000B6
efgtoa@nmode                     cstackBANK1  000BF
efgtoa@ou                        cstackBANK1  000A0
efgtoa@p                         cstackBANK1  000BD
efgtoa@pp                        cstackBANK1  000B2
efgtoa@sign                      cstackBANK1  000BA
efgtoa@t                         cstackBANK1  000B0
efgtoa@u                         cstackBANK1  000D5
efgtoa@w                         cstackBANK1  000C0
end_of_initialization            cinit        007FD
floorf@F514                      bssBANK2     00129
floorf@e                         cstackBANK0  0003B
floorf@m                         cstackBANK0  00037
floorf@u                         cstackBANK0  0003D
floorf@x                         cstackBANK0  0002D
fputc@c                          cstackCOMMON 00072
fputc@fp                         cstackCOMMON 00074
fputs@c                          cstackBANK0  00020
fputs@fp                         cstackCOMMON 0007A
fputs@i                          cstackBANK0  00021
fputs@s                          cstackBANK0  00023
getTemp@i                        cstackBANK1  000EE
getTemp@temp                     cstackBANK1  000EC
intlevel0                        functab      00000
intlevel1                        functab      00000
intlevel2                        functab      00000
intlevel3                        functab      00000
intlevel4                        functab      00000
intlevel5                        functab      00000
isalpha@c                        cstackCOMMON 00070
isdigit@c                        cstackCOMMON 00070
islower@c                        cstackCOMMON 00070
isspace@c                        cstackCOMMON 00070
isupper@c                        cstackCOMMON 00070
main@temp                        cstackBANK2  0014C
ow_master_reset@rec              cstackCOMMON 00070
ow_read_bit@rec                  cstackCOMMON 00070
ow_read_byte@i                   cstackCOMMON 00074
ow_read_byte@value               cstackCOMMON 00073
ow_write_bit@val                 cstackCOMMON 00070
ow_write_byte@i                  cstackCOMMON 00073
ow_write_byte@mask               cstackCOMMON 00074
ow_write_byte@val                cstackCOMMON 00072
pad@buf                          cstackBANK0  00024
pad@fp                           cstackBANK0  0002C
pad@i                            cstackBANK0  00028
pad@p                            cstackBANK0  00025
pad@w                            cstackBANK0  0002A
printf@ap                        cstackBANK1  000E4
printf@fmt                       cstackBANK1  000DC
printf@ret                       cstackBANK1  000E2
putch@txData                     cstackCOMMON 00071
reset_vec                        reset_vec    00000
stackhi                          (abs)        021EF
stacklo                          (abs)        02140
start                            init         00002
start_initialization             cinit        007ED
strcpy@d                         cstackCOMMON 00076
strcpy@dest                      cstackCOMMON 00077
strcpy@s                         cstackCOMMON 00074
strcpy@src                       cstackCOMMON 00070
strlen@a                         cstackCOMMON 00076
strlen@s                         cstackCOMMON 00077
strncmp@_l                       cstackCOMMON 00076
strncmp@_r                       cstackCOMMON 00070
strncmp@l                        cstackCOMMON 00079
strncmp@n                        cstackCOMMON 00072
strncmp@r                        cstackCOMMON 00077
tolower@c                        cstackCOMMON 00076
toupper@c                        cstackCOMMON 00076
vfpfcnvrt@ap                     cstackBANK0  0004F
vfpfcnvrt@c                      cstackBANK0  00067
vfpfcnvrt@ct                     cstackBANK0  00060
vfpfcnvrt@done                   cstackBANK0  0005A
vfpfcnvrt@f                      cstackBANK0  00063
vfpfcnvrt@fmt                    cstackBANK0  0004E
vfpfcnvrt@fp                     cstackBANK0  00068
vfpfcnvrt@llu                    cstackBANK0  00056
vfprintf@ap                      cstackBANK0  0006B
vfprintf@cfmt                    cstackBANK1  000DA
vfprintf@fmt                     cstackBANK0  00069
vfprintf@fp                      cstackBANK1  000D9
wtemp0                           (abs)        0007E
xtoa@c                           cstackBANK0  00047
xtoa@d                           cstackBANK0  0002D
xtoa@fp                          cstackBANK0  0003E
xtoa@i                           cstackBANK0  00045
xtoa@n                           cstackBANK0  00041
xtoa@p                           cstackBANK0  0003C
xtoa@w                           cstackBANK0  0003F
xtoa@x                           cstackBANK0  00031


FUNCTION INFORMATION:

 *************** function _main *****************
 Defined at:
		line 50 in file "main.c"
 Parameters:    Size  Location     Type
		None
 Auto vars:     Size  Location     Type
  temp            4   16[BANK2 ] float 
 Return value:  Size  Location     Type
                  1    wreg      void 
 Registers used:
		wreg, fsr0l, fsr0h, fsr1l, fsr1h, status,2, status,0, pclath, cstack
 Tracked objects:
		On entry : 
		On exit  : 
		Unchanged: 
 Data sizes:     COMMON   BANK0   BANK1   BANK2   BANK3   BANK4   BANK5   BANK6
      Params:         0       0       0       0       0       0       0       0
      Locals:         0       0       0       8       0       0       0       0
      Temps:          0       0       0       2       0       0       0       0
      Totals:         0       0       0      10       0       0       0       0
Total ram usage:       10 bytes
 Hardware stack levels required when called:   10
 This function calls:
		_SYSTEM_Initialize
		___fldiv
		___xxtofl
		_getTemp
		_printf
 This function is called by:
		Startup code after reset
 This function uses a non-reentrant model


 *************** function _getTemp *****************
 Defined at:
		line 18 in file "input.c"
 Parameters:    Size  Location     Type
		None
 Auto vars:     Size  Location     Type
  temp            2   76[BANK1 ] int 
  sum             2    0        unsigned int 
  i               1   78[BANK1 ] unsigned char 
 Return value:  Size  Location     Type
                  2   69[BANK1 ] int 
 Registers used:
		wreg, fsr0l, fsr0h, fsr1l, fsr1h, status,2, status,0, pclath, cstack
 Tracked objects:
		On entry : 
		On exit  : 
		Unchanged: 
 Data sizes:     COMMON   BANK0   BANK1   BANK2   BANK3   BANK4   BANK5   BANK6
      Params:         0       0       2       0       0       0       0       0
      Locals:         0       0       3       0       0       0       0       0
      Temps:          0       0       5       0       0       0       0       0
      Totals:         0       0      10       0       0       0       0       0
Total ram usage:       10 bytes
 Hardware stack levels used:    1
 Hardware stack levels required when called:    9
 This function calls:
		___awdiv
		___wmul
		_ow_master_reset
		_ow_read_byte
		_ow_skip_rom
		_ow_write_byte
		_printf
 This function is called by:
		_main
 This function uses a non-reentrant model


 *************** function _printf *****************
 Defined at:
		line 5 in file "/Applications/microchip/xc8/v2.00/pic/sources/c99/common/printf.c"
 Parameters:    Size  Location     Type
  fmt             2   60[BANK1 ] PTR const unsigned char 
		 -> STR_12(3), STR_11(3), STR_10(10), STR_9(3), 
		 -> STR_8(3), STR_7(13), STR_6(8), STR_5(50), 
		 -> STR_4(53), STR_3(122), STR_2(35), STR_1(4), 
 Auto vars:     Size  Location     Type
  ret             2   66[BANK1 ] int 
  ap              1   68[BANK1 ] PTR void [1]
		 -> ?_printf(2), 
 Return value:  Size  Location     Type
                  2   60[BANK1 ] int 
 Registers used:
		wreg, fsr0l, fsr0h, fsr1l, fsr1h, status,2, status,0, pclath, cstack
 Tracked objects:
		On entry : 
		On exit  : 
		Unchanged: 
 Data sizes:     COMMON   BANK0   BANK1   BANK2   BANK3   BANK4   BANK5   BANK6
      Params:         0       0       6       0       0       0       0       0
      Locals:         0       0       3       0       0       0       0       0
      Temps:          0       1       0       0       0       0       0       0
      Totals:         0       1       9       0       0       0       0       0
Total ram usage:       10 bytes
 Hardware stack levels used:    1
 Hardware stack levels required when called:    8
 This function calls:
		_vfprintf
 This function is called by:
		_main
		_getTemp
 This function uses a non-reentrant model


 *************** function _vfprintf *****************
 Defined at:
		line 1368 in file "/Applications/microchip/xc8/v2.00/pic/sources/c99/common/doprnt.c"
 Parameters:    Size  Location     Type
  fp              1    wreg     PTR struct _IO_FILE
		 -> NULL(0), 
  fmt             2   73[BANK0 ] PTR const unsigned char 
		 -> STR_12(3), STR_11(3), STR_10(10), STR_9(3), 
		 -> STR_8(3), STR_7(13), STR_6(8), STR_5(50), 
		 -> STR_4(53), STR_3(122), STR_2(35), STR_1(4), 
  ap              1   75[BANK0 ] PTR PTR void 
		 -> printf@ap(1), 
 Auto vars:     Size  Location     Type
  fp              1   57[BANK1 ] PTR struct _IO_FILE
		 -> NULL(0), 
  cfmt            2   58[BANK1 ] PTR unsigned char 
		 -> STR_12(3), STR_11(3), STR_10(10), STR_9(3), 
		 -> STR_8(3), STR_7(13), STR_6(8), STR_5(50), 
		 -> STR_4(53), STR_3(122), STR_2(35), STR_1(4), 
 Return value:  Size  Location     Type
                  2   73[BANK0 ] int 
 Registers used:
		wreg, fsr0l, fsr0h, fsr1l, fsr1h, status,2, status,0, pclath, cstack
 Tracked objects:
		On entry : 
		On exit  : 
		Unchanged: 
 Data sizes:     COMMON   BANK0   BANK1   BANK2   BANK3   BANK4   BANK5   BANK6
      Params:         0       3       0       0       0       0       0       0
      Locals:         0       0       3       0       0       0       0       0
      Temps:          0       2       0       0       0       0       0       0
      Totals:         0       5       3       0       0       0       0       0
Total ram usage:        8 bytes
 Hardware stack levels used:    1
 Hardware stack levels required when called:    7
 This function calls:
		_vfpfcnvrt
 This function is called by:
		_printf
 This function uses a non-reentrant model


 *************** function _vfpfcnvrt *****************
 Defined at:
		line 670 in file "/Applications/microchip/xc8/v2.00/pic/sources/c99/common/doprnt.c"
 Parameters:    Size  Location     Type
  fp              1    wreg     PTR struct _IO_FILE
		 -> NULL(0), 
  fmt             1   46[BANK0 ] PTR PTR unsigned char 
		 -> vfprintf@cfmt(2), 
  ap              1   47[BANK0 ] PTR PTR void 
		 -> printf@ap(1), 
 Auto vars:     Size  Location     Type
  fp              1   72[BANK0 ] PTR struct _IO_FILE
		 -> NULL(0), 
  f               4   67[BANK0 ] PTR struct _IO_FILE
  llu             4   54[BANK0 ] unsigned long 
  ll              4    0        long 
  ct              3   64[BANK0 ] unsigned char [3]
  done            2   58[BANK0 ] int 
  vp              2    0        PTR void 
  i               2    0        int 
  cp              2    0        PTR unsigned char 
  c               1   71[BANK0 ] unsigned char 
 Return value:  Size  Location     Type
                  2   46[BANK0 ] int 
 Registers used:
		wreg, fsr0l, fsr0h, fsr1l, fsr1h, status,2, status,0, pclath, cstack
 Tracked objects:
		On entry : 
		On exit  : 
		Unchanged: 
 Data sizes:     COMMON   BANK0   BANK1   BANK2   BANK3   BANK4   BANK5   BANK6
      Params:         0       2       0       0       0       0       0       0
      Locals:         0      19       0       0       0       0       0       0
      Temps:          0       6       0       0       0       0       0       0
      Totals:         0      27       0       0       0       0       0       0
Total ram usage:       27 bytes
 Hardware stack levels used:    1
 Hardware stack levels required when called:    6
 This function calls:
		_atoi
		_ctoa
		_efgtoa
		_fputc
		_isdigit
		_isupper
		_strncmp
		_tolower
		_xtoa
 This function is called by:
		_vfprintf
 This function uses a non-reentrant model


 *************** function _xtoa *****************
 Defined at:
		line 623 in file "/Applications/microchip/xc8/v2.00/pic/sources/c99/common/doprnt.c"
 Parameters:    Size  Location     Type
  fp              1    wreg     PTR struct _IO_FILE
		 -> NULL(0), 
  d               4   13[BANK0 ] unsigned long 
  x               1   17[BANK0 ] unsigned char 
 Auto vars:     Size  Location     Type
  fp              1   30[BANK0 ] PTR struct _IO_FILE
		 -> NULL(0), 
  n               4   33[BANK0 ] unsigned long 
  c               2   39[BANK0 ] int 
  i               2   37[BANK0 ] int 
  w               2   31[BANK0 ] int 
  p               2   28[BANK0 ] int 
 Return value:  Size  Location     Type
                  2   13[BANK0 ] int 
 Registers used:
		wreg, fsr1l, fsr1h, status,2, status,0, pclath, cstack
 Tracked objects:
		On entry : 
		On exit  : 
		Unchanged: 
 Data sizes:     COMMON   BANK0   BANK1   BANK2   BANK3   BANK4   BANK5   BANK6
      Params:         0       5       0       0       0       0       0       0
      Locals:         0      17       0       0       0       0       0       0
      Temps:          0       6       0       0       0       0       0       0
      Totals:         0      28       0       0       0       0       0       0
Total ram usage:       28 bytes
 Hardware stack levels used:    1
 Hardware stack levels required when called:    5
 This function calls:
		_isalpha
		_isupper
		_pad
		_toupper
 This function is called by:
		_vfpfcnvrt
 This function uses a non-reentrant model


 *************** function _toupper *****************
 Defined at:
		line 4 in file "/Applications/microchip/xc8/v2.00/pic/sources/c99/common/toupper.c"
 Parameters:    Size  Location     Type
  c               2    6[COMMON] int 
 Auto vars:     Size  Location     Type
		None
 Return value:  Size  Location     Type
                  2    6[COMMON] int 
 Registers used:
		wreg, status,2, status,0, pclath, cstack
 Tracked objects:
		On entry : 
		On exit  : 
		Unchanged: 
 Data sizes:     COMMON   BANK0   BANK1   BANK2   BANK3   BANK4   BANK5   BANK6
      Params:         2       0       0       0       0       0       0       0
      Locals:         2       0       0       0       0       0       0       0
      Temps:          4       0       0       0       0       0       0       0
      Totals:         8       0       0       0       0       0       0       0
Total ram usage:        8 bytes
 Hardware stack levels used:    1
 Hardware stack levels required when called:    1
 This function calls:
		_islower
 This function is called by:
		_xtoa
 This function uses a non-reentrant model


 *************** function _islower *****************
 Defined at:
		line 5 in file "/Applications/microchip/xc8/v2.00/pic/sources/c99/common/islower.c"
 Parameters:    Size  Location     Type
  c               2    0[COMMON] int 
 Auto vars:     Size  Location     Type
		None
 Return value:  Size  Location     Type
                  2    0[COMMON] int 
 Registers used:
		wreg, status,2, status,0
 Tracked objects:
		On entry : 
		On exit  : 
		Unchanged: 
 Data sizes:     COMMON   BANK0   BANK1   BANK2   BANK3   BANK4   BANK5   BANK6
      Params:         2       0       0       0       0       0       0       0
      Locals:         0       0       0       0       0       0       0       0
      Temps:          4       0       0       0       0       0       0       0
      Totals:         6       0       0       0       0       0       0       0
Total ram usage:        6 bytes
 Hardware stack levels used:    1
 This function calls:
		Nothing
 This function is called by:
		_toupper
 This function uses a non-reentrant model


 *************** function _isalpha *****************
 Defined at:
		line 5 in file "/Applications/microchip/xc8/v2.00/pic/sources/c99/common/isalpha.c"
 Parameters:    Size  Location     Type
  c               2    0[COMMON] int 
 Auto vars:     Size  Location     Type
		None
 Return value:  Size  Location     Type
                  2    0[COMMON] int 
 Registers used:
		wreg, status,2, status,0
 Tracked objects:
		On entry : 
		On exit  : 
		Unchanged: 
 Data sizes:     COMMON   BANK0   BANK1   BANK2   BANK3   BANK4   BANK5   BANK6
      Params:         2       0       0       0       0       0       0       0
      Locals:         0       0       0       0       0       0       0       0
      Temps:          6       0       0       0       0       0       0       0
      Totals:         8       0       0       0       0       0       0       0
Total ram usage:        8 bytes
 Hardware stack levels used:    1
 This function calls:
		Nothing
 This function is called by:
		_xtoa
 This function uses a non-reentrant model


 *************** function _strncmp *****************
 Defined at:
		line 3 in file "/Applications/microchip/xc8/v2.00/pic/sources/c99/common/strncmp.c"
 Parameters:    Size  Location     Type
  _l              1    wreg     PTR const unsigned char 
		 -> vfpfcnvrt@ct(3), 
  _r              2    0[COMMON] PTR const unsigned char 
		 -> STR_23(3), 
  n               2    2[COMMON] unsigned int 
 Auto vars:     Size  Location     Type
  _l              1    6[COMMON] PTR const unsigned char 
		 -> vfpfcnvrt@ct(3), 
  r               2    7[COMMON] PTR const unsigned char 
		 -> STR_23(3), 
  l               1    9[COMMON] PTR const unsigned char 
		 -> vfpfcnvrt@ct(3), 
 Return value:  Size  Location     Type
                  2    0[COMMON] int 
 Registers used:
		wreg, fsr0l, fsr0h, fsr1l, fsr1h, status,2, status,0, pclath
 Tracked objects:
		On entry : 
		On exit  : 
		Unchanged: 
 Data sizes:     COMMON   BANK0   BANK1   BANK2   BANK3   BANK4   BANK5   BANK6
      Params:         4       0       0       0       0       0       0       0
      Locals:         4       0       0       0       0       0       0       0
      Temps:          2       0       0       0       0       0       0       0
      Totals:        10       0       0       0       0       0       0       0
Total ram usage:       10 bytes
 Hardware stack levels used:    1
 This function calls:
		Nothing
 This function is called by:
		_vfpfcnvrt
 This function uses a non-reentrant model


 *************** function _efgtoa *****************
 Defined at:
		line 319 in file "/Applications/microchip/xc8/v2.00/pic/sources/c99/common/doprnt.c"
 Parameters:    Size  Location     Type
  fp              1    wreg     PTR struct _IO_FILE
		 -> NULL(0), 
  f               4   37[BANK0 ] PTR struct _IO_FILE
  c               1   41[BANK0 ] unsigned char 
 Auto vars:     Size  Location     Type
  fp              1   28[BANK1 ] PTR struct _IO_FILE
		 -> NULL(0), 
  u               4   53[BANK1 ] PTR struct _IO_FILE
  g               4   45[BANK1 ] PTR struct _IO_FILE
  l               4   39[BANK1 ] PTR struct _IO_FILE
  h               4   35[BANK1 ] PTR struct _IO_FILE
  ou              4    0[BANK1 ] PTR struct _IO_FILE
  n               2   51[BANK1 ] int 
  e               2   49[BANK1 ] int 
  i               2   43[BANK1 ] int 
  w               2   32[BANK1 ] int 
  p               2   29[BANK1 ] int 
  sign            2   26[BANK1 ] int 
  d               2   24[BANK1 ] int 
[...]
 Auto vars:     Size  Location     Type
		None
 Return value:  Size  Location     Type
                  1    wreg      void 
 Registers used:
		wreg, status,2, status,0, pclath, cstack
 Tracked objects:
		On entry : 
		On exit  : 
		Unchanged: 
 Data sizes:     COMMON   BANK0   BANK1   BANK2   BANK3   BANK4   BANK5   BANK6
      Params:         0       0       0       0       0       0       0       0
      Locals:         0       0       0       0       0       0       0       0
      Temps:          0       0       0       0       0       0       0       0
      Totals:         0       0       0       0       0       0       0       0
Total ram usage:        0 bytes
 Hardware stack levels used:    1
 Hardware stack levels required when called:    2
 This function calls:
		_ow_write_byte
 This function is called by:
		_getTemp
 This function uses a non-reentrant model


 *************** function _ow_write_byte *****************
 Defined at:
		line 44 in file "onewire.c"
 Parameters:    Size  Location     Type
  val             1    wreg     unsigned char 
 Auto vars:     Size  Location     Type
  val             1    2[COMMON] unsigned char 
  mask            1    4[COMMON] unsigned char 
  i               1    3[COMMON] unsigned char 
 Return value:  Size  Location     Type
                  1    wreg      void 
 Registers used:
		wreg, status,2, status,0, pclath, cstack
 Tracked objects:
		On entry : 
		On exit  : 
		Unchanged: 
 Data sizes:     COMMON   BANK0   BANK1   BANK2   BANK3   BANK4   BANK5   BANK6
      Params:         0       0       0       0       0       0       0       0
      Locals:         3       0       0       0       0       0       0       0
      Temps:          1       0       0       0       0       0       0       0
      Totals:         4       0       0       0       0       0       0       0
Total ram usage:        4 bytes
 Hardware stack levels used:    1
 Hardware stack levels required when called:    1
 This function calls:
		_ow_write_bit
 This function is called by:
		_getTemp
		_ow_skip_rom
 This function uses a non-reentrant model


 *************** function _ow_write_bit *****************
 Defined at:
		line 22 in file "onewire.c"
 Parameters:    Size  Location     Type
  val             1    wreg     unsigned char 
 Auto vars:     Size  Location     Type
  val             1    0[COMMON] unsigned char 
 Return value:  Size  Location     Type
                  1    wreg      void 
 Registers used:
		wreg, status,2, status,0
 Tracked objects:
		On entry : 
		On exit  : 
		Unchanged: 
 Data sizes:     COMMON   BANK0   BANK1   BANK2   BANK3   BANK4   BANK5   BANK6
      Params:         0       0       0       0       0       0       0       0
      Locals:         1       0       0       0       0       0       0       0
      Temps:          0       0       0       0       0       0       0       0
      Totals:         1       0       0       0       0       0       0       0
Total ram usage:        1 bytes
 Hardware stack levels used:    1
 This function calls:
		Nothing
 This function is called by:
		_ow_write_byte
 This function uses a non-reentrant model


 *************** function _ow_read_byte *****************
 Defined at:
		line 77 in file "onewire.c"
 Parameters:    Size  Location     Type
		None
 Auto vars:     Size  Location     Type
  i               1    4[COMMON] unsigned char 
  value           1    3[COMMON] unsigned char 
 Return value:  Size  Location     Type
                  1    wreg      unsigned char 
 Registers used:
		wreg, status,2, status,0, pclath, cstack
 Tracked objects:
		On entry : 
		On exit  : 
		Unchanged: 
 Data sizes:     COMMON   BANK0   BANK1   BANK2   BANK3   BANK4   BANK5   BANK6
      Params:         0       0       0       0       0       0       0       0
      Locals:         2       0       0       0       0       0       0       0
      Temps:          2       0       0       0       0       0       0       0
      Totals:         4       0       0       0       0       0       0       0
Total ram usage:        4 bytes
 Hardware stack levels used:    1
 Hardware stack levels required when called:    1
 This function calls:
		_ow_read_bit
 This function is called by:
		_getTemp
 This function uses a non-reentrant model


 *************** function _ow_read_bit *****************
 Defined at:
		line 56 in file "onewire.c"
 Parameters:    Size  Location     Type
		None
 Auto vars:     Size  Location     Type
  rec             1    0[COMMON] unsigned char 
 Return value:  Size  Location     Type
                  1    wreg      unsigned char 
 Registers used:
		wreg, status,2
 Tracked objects:
		On entry : 
		On exit  : 
		Unchanged: 
 Data sizes:     COMMON   BANK0   BANK1   BANK2   BANK3   BANK4   BANK5   BANK6
      Params:         0       0       0       0       0       0       0       0
      Locals:         1       0       0       0       0       0       0       0
      Temps:          0       0       0       0       0       0       0       0
      Totals:         1       0       0       0       0       0       0       0
Total ram usage:        1 bytes
 Hardware stack levels used:    1
 This function calls:
		Nothing
 This function is called by:
		_ow_read_byte
 This function uses a non-reentrant model


 *************** function _ow_master_reset *****************
 Defined at:
		line 9 in file "onewire.c"
 Parameters:    Size  Location     Type
		None
 Auto vars:     Size  Location     Type
  rec             1    0[COMMON] unsigned char 
 Return value:  Size  Location     Type
                  1    wreg      unsigned char 
 Registers used:
		wreg, status,2
 Tracked objects:
		On entry : 
		On exit  : 
		Unchanged: 
 Data sizes:     COMMON   BANK0   BANK1   BANK2   BANK3   BANK4   BANK5   BANK6
      Params:         0       0       0       0       0       0       0       0
      Locals:         1       0       0       0       0       0       0       0
      Temps:          0       0       0       0       0       0       0       0
      Totals:         1       0       0       0       0       0       0       0
Total ram usage:        1 bytes
 Hardware stack levels used:    1
 This function calls:
		Nothing
 This function is called by:
		_getTemp
 This function uses a non-reentrant model


 *************** function ___xxtofl *****************
 Defined at:
		line 10 in file "/Applications/microchip/xc8/v2.00/pic/sources/c99/common/xxtofl.c"
 Parameters:    Size  Location     Type
  sign            1    wreg     unsigned char 
  val             4    0[BANK2 ] long 
 Auto vars:     Size  Location     Type
  sign            1    8[BANK2 ] unsigned char 
  arg             4   10[BANK2 ] unsigned long 
  exp             1    9[BANK2 ] unsigned char 
 Return value:  Size  Location     Type
                  4    0[BANK2 ] unsigned char 
 Registers used:
		wreg, status,2, status,0
 Tracked objects:
		On entry : 
		On exit  : 
		Unchanged: 
 Data sizes:     COMMON   BANK0   BANK1   BANK2   BANK3   BANK4   BANK5   BANK6
      Params:         0       0       0       4       0       0       0       0
      Locals:         0       0       0       6       0       0       0       0
      Temps:          0       0       0       4       0       0       0       0
      Totals:         0       0       0      14       0       0       0       0
Total ram usage:       14 bytes
 Hardware stack levels used:    1
 This function calls:
		Nothing
 This function is called by:
		_main
 This function uses a non-reentrant model


 *************** function _SYSTEM_Initialize *****************
 Defined at:
		line 50 in file "mcc_generated_files/mcc.c"
 Parameters:    Size  Location     Type
		None
 Auto vars:     Size  Location     Type
		None
 Return value:  Size  Location     Type
                  1    wreg      void 
 Registers used:
		wreg, status,2, status,0, pclath, cstack
 Tracked objects:
		On entry : 
		On exit  : 
		Unchanged: 
 Data sizes:     COMMON   BANK0   BANK1   BANK2   BANK3   BANK4   BANK5   BANK6
      Params:         0       0       0       0       0       0       0       0
      Locals:         0       0       0       0       0       0       0       0
      Temps:          0       0       0       0       0       0       0       0
      Totals:         0       0       0       0       0       0       0       0
Total ram usage:        0 bytes
 Hardware stack levels used:    1
 Hardware stack levels required when called:    1
 This function calls:
		_EUSART_Initialize
		_OSCILLATOR_Initialize
		_PIN_MANAGER_Initialize
		_WDT_Initialize
 This function is called by:
		_main
 This function uses a non-reentrant model


 *************** function _WDT_Initialize *****************
 Defined at:
		line 69 in file "mcc_generated_files/mcc.c"
 Parameters:    Size  Location     Type
		None
 Auto vars:     Size  Location     Type
		None
 Return value:  Size  Location     Type
                  1    wreg      void 
 Registers used:
		wreg
 Tracked objects:
		On entry : 
		On exit  : 
		Unchanged: 
 Data sizes:     COMMON   BANK0   BANK1   BANK2   BANK3   BANK4   BANK5   BANK6
      Params:         0       0       0       0       0       0       0       0
      Locals:         0       0       0       0       0       0       0       0
      Temps:          0       0       0       0       0       0       0       0
      Totals:         0       0       0       0       0       0       0       0
Total ram usage:        0 bytes
 Hardware stack levels used:    1
 This function calls:
		Nothing
 This function is called by:
		_SYSTEM_Initialize
 This function uses a non-reentrant model


 *************** function _PIN_MANAGER_Initialize *****************
 Defined at:
		line 57 in file "mcc_generated_files/pin_manager.c"
 Parameters:    Size  Location     Type
		None
 Auto vars:     Size  Location     Type
		None
 Return value:  Size  Location     Type
                  1    wreg      void 
 Registers used:
		wreg, status,2
 Tracked objects:
		On entry : 
		On exit  : 
		Unchanged: 
 Data sizes:     COMMON   BANK0   BANK1   BANK2   BANK3   BANK4   BANK5   BANK6
      Params:         0       0       0       0       0       0       0       0
      Locals:         0       0       0       0       0       0       0       0
      Temps:          0       0       0       0       0       0       0       0
      Totals:         0       0       0       0       0       0       0       0
Total ram usage:        0 bytes
 Hardware stack levels used:    1
 This function calls:
		Nothing
 This function is called by:
		_SYSTEM_Initialize
 This function uses a non-reentrant model


 *************** function _OSCILLATOR_Initialize *****************
 Defined at:
		line 59 in file "mcc_generated_files/mcc.c"
 Parameters:    Size  Location     Type
		None
 Auto vars:     Size  Location     Type
		None
 Return value:  Size  Location     Type
                  1    wreg      void 
 Registers used:
		wreg, status,2
 Tracked objects:
		On entry : 
		On exit  : 
		Unchanged: 
 Data sizes:     COMMON   BANK0   BANK1   BANK2   BANK3   BANK4   BANK5   BANK6
      Params:         0       0       0       0       0       0       0       0
      Locals:         0       0       0       0       0       0       0       0
      Temps:          0       0       0       0       0       0       0       0
      Totals:         0       0       0       0       0       0       0       0
Total ram usage:        0 bytes
 Hardware stack levels used:    1
 This function calls:
		Nothing
 This function is called by:
		_SYSTEM_Initialize
 This function uses a non-reentrant model


 *************** function _EUSART_Initialize *****************
 Defined at:
		line 56 in file "mcc_generated_files/eusart.c"
 Parameters:    Size  Location     Type
		None
 Auto vars:     Size  Location     Type
		None
 Return value:  Size  Location     Type
                  1    wreg      void 
 Registers used:
		wreg, status,2
 Tracked objects:
		On entry : 
		On exit  : 
		Unchanged: 
 Data sizes:     COMMON   BANK0   BANK1   BANK2   BANK3   BANK4   BANK5   BANK6
      Params:         0       0       0       0       0       0       0       0
      Locals:         0       0       0       0       0       0       0       0
      Temps:          0       0       0       0       0       0       0       0
      Totals:         0       0       0       0       0       0       0       0
Total ram usage:        0 bytes
 Hardware stack levels used:    1
 This function calls:
		Nothing
 This function is called by:
		_SYSTEM_Initialize
 This function uses a non-reentrant model



MODULE INFORMATION

Module		Function		Class		Link	Load	Size
/Applications/microchip/xc8/v2.00/pic/sources/c99/common/sprcmul.c
		___flmul       		CODE           	1595	0000	620

/Applications/microchip/xc8/v2.00/pic/sources/c99/common/sprcmul.c estimated size: 620

/Applications/microchip/xc8/v2.00/pic/sources/c99/common/strlen.c
		_strlen        		CODE           	1B3B	0000	43

/Applications/microchip/xc8/v2.00/pic/sources/c99/common/strlen.c estimated size: 43

/Applications/microchip/xc8/v2.00/pic/sources/c99/common/sprcdiv.c
		___fldiv       		CODE           	0818	0000	480

/Applications/microchip/xc8/v2.00/pic/sources/c99/common/sprcdiv.c estimated size: 480

/Applications/microchip/xc8/v2.00/pic/sources/c99/common/floorf.c
		_floorf        		CODE           	1209	0000	240

/Applications/microchip/xc8/v2.00/pic/sources/c99/common/floorf.c estimated size: 240

/Applications/microchip/xc8/v2.00/pic/sources/c99/common/toupper.c
		_toupper       		CODE           	1BEE	0000	52

/Applications/microchip/xc8/v2.00/pic/sources/c99/common/toupper.c estimated size: 52

/Applications/microchip/xc8/v2.00/pic/sources/c99/common/strcpy.c
		_strcpy        		CODE           	1AF1	0000	37

/Applications/microchip/xc8/v2.00/pic/sources/c99/common/strcpy.c estimated size: 37

/Applications/microchip/xc8/v2.00/pic/sources/c99/common/flge.c
		___flge        		CODE           	1F52	0000	175

/Applications/microchip/xc8/v2.00/pic/sources/c99/common/flge.c estimated size: 175

/Applications/microchip/xc8/v2.00/pic/sources/c99/common/isalpha.c
		_isalpha       		CODE           	1A0A	0000	32

/Applications/microchip/xc8/v2.00/pic/sources/c99/common/isalpha.c estimated size: 32

/Applications/microchip/xc8/v2.00/pic/sources/c99/common/awmod.c
		___awmod       		CODE           	1D81	0000	94

/Applications/microchip/xc8/v2.00/pic/sources/c99/common/awmod.c estimated size: 94

/Applications/microchip/xc8/v2.00/pic/sources/c99/common/isspace.c
		_isspace       		CODE           	1ACE	0000	36

/Applications/microchip/xc8/v2.00/pic/sources/c99/common/isspace.c estimated size: 36

input.c
		_getTemp       		CODE           	12F8	0000	292

input.c estimated size: 292

/Applications/microchip/xc8/v2.00/pic/sources/c99/common/strncmp.c
		_strncmp       		CODE           	1DDE	0000	104

/Applications/microchip/xc8/v2.00/pic/sources/c99/common/strncmp.c estimated size: 104

/Applications/microchip/xc8/v2.00/pic/sources/c99/common/tolower.c
		_tolower       		CODE           	1BBB	0000	52

/Applications/microchip/xc8/v2.00/pic/sources/c99/common/tolower.c estimated size: 52

/Applications/microchip/xc8/v2.00/pic/sources/c99/common/__fpclassifyf.c
		___fpclassifyf 		CODE           	1E45	0000	132

/Applications/microchip/xc8/v2.00/pic/sources/c99/common/__fpclassifyf.c estimated size: 132

mcc_generated_files/pin_manager.c
		_PIN_MANAGER_Initialize		CODE           	1A8A	0000	35

mcc_generated_files/pin_manager.c estimated size: 35

/Applications/microchip/xc8/v2.00/pic/sources/c99/common/nf_fputs.c
		_fputs         		CODE           	1B90	0000	44

/Applications/microchip/xc8/v2.00/pic/sources/c99/common/nf_fputs.c estimated size: 44

/Applications/microchip/xc8/v2.00/pic/sources/c99/common/isdigit.c
		_isdigit       		CODE           	19BF	0000	26

/Applications/microchip/xc8/v2.00/pic/sources/c99/common/isdigit.c estimated size: 26

/Applications/microchip/xc8/v2.00/pic/sources/c99/common/sprcadd.c
		___flsub       		CODE           	1A69	0000	34
		___fladd       		CODE           	09F7	0000	634

/Applications/microchip/xc8/v2.00/pic/sources/c99/common/sprcadd.c estimated size: 668

/Applications/microchip/xc8/v2.00/pic/sources/c99/common/awdiv.c
		___awdiv       		CODE           	1000	0000	107

/Applications/microchip/xc8/v2.00/pic/sources/c99/common/awdiv.c estimated size: 107

/Applications/microchip/xc8/v2.00/pic/sources/c99/common/doprnt.c
		_vfpfcnvrt     		CODE           	0C70	0000	913
		_efgtoa        		CODE           	00AA	0000	1860
		_pad           		CODE           	1D25	0000	93
		_ctoa          		CODE           	1C21	0000	55
		_vfprintf      		CODE           	1C57	0000	59
		_xtoa          		CODE           	141B	0000	379

/Applications/microchip/xc8/v2.00/pic/sources/c99/common/doprnt.c estimated size: 3359

/Applications/microchip/xc8/v2.00/pic/sources/c99/common/fltol.c
		___fltol       		CODE           	0016	0000	149

/Applications/microchip/xc8/v2.00/pic/sources/c99/common/fltol.c estimated size: 149

/Applications/microchip/xc8/v2.00/pic/sources/c99/common/atoi.c
		_atoi          		CODE           	111F	0000	235

/Applications/microchip/xc8/v2.00/pic/sources/c99/common/atoi.c estimated size: 235

/Applications/microchip/xc8/v2.00/pic/sources/c99/common/fleq.c
		___fleq        		CODE           	1CD5	0000	81

/Applications/microchip/xc8/v2.00/pic/sources/c99/common/fleq.c estimated size: 81

/Applications/microchip/xc8/v2.00/pic/sources/c99/common/Umul16.c
		___wmul        		CODE           	1AAC	0000	35

/Applications/microchip/xc8/v2.00/pic/sources/c99/common/Umul16.c estimated size: 35

onewire.c
		_ow_read_bit   		CODE           	0005	0000	18
		_ow_read_byte  		CODE           	1B65	0000	44
		_ow_skip_rom   		CODE           	1961	0000	6
		_ow_write_bit  		CODE           	19AA	0000	22
		_ow_write_byte 		CODE           	1A48	0000	34
		_ow_master_reset		CODE           	0800	0000	25

onewire.c estimated size: 149

shared
		__initialization		CODE           	07ED	0000	17

shared estimated size: 17

mcc_generated_files/mcc.c
		_WDT_Initialize		CODE           	195D	0000	5
		_OSCILLATOR_Initialize		CODE           	1972	0000	8
		_SYSTEM_Initialize		CODE           	1990	0000	14

mcc_generated_files/mcc.c estimated size: 27

/Applications/microchip/xc8/v2.00/pic/sources/c99/common/Umul8_16.c
		__Umul8_16     		CODE           	1B15	0000	39

/Applications/microchip/xc8/v2.00/pic/sources/c99/common/Umul8_16.c estimated size: 39

/Applications/microchip/xc8/v2.00/pic/sources/c99/common/nf_fputc.c
		_fputc         		CODE           	1C91	0000	69

/Applications/microchip/xc8/v2.00/pic/sources/c99/common/nf_fputc.c estimated size: 69

/Applications/microchip/xc8/v2.00/pic/sources/c99/common/isupper.c
		_isupper       		CODE           	19D8	0000	26

/Applications/microchip/xc8/v2.00/pic/sources/c99/common/isupper.c estimated size: 26

/Applications/microchip/xc8/v2.00/pic/sources/c99/common/flneg.c
		___flneg       		CODE           	199D	0000	14

/Applications/microchip/xc8/v2.00/pic/sources/c99/common/flneg.c estimated size: 14

mcc_generated_files/eusart.c
		_putch         		CODE           	1966	0000	7
		_EUSART_Write  		CODE           	1984	0000	13
		_EUSART_Initialize		CODE           	1979	0000	12

mcc_generated_files/eusart.c estimated size: 32

main.c
		_main          		CODE           	1EC8	0000	139

main.c estimated size: 139

/Applications/microchip/xc8/v2.00/pic/sources/c99/common/islower.c
		_islower       		CODE           	19F1	0000	26

/Applications/microchip/xc8/v2.00/pic/sources/c99/common/islower.c estimated size: 26

/Applications/microchip/xc8/v2.00/pic/sources/c99/common/xxtofl.c
		___xxtofl      		CODE           	106A	0000	182

/Applications/microchip/xc8/v2.00/pic/sources/c99/common/xxtofl.c estimated size: 182

/Applications/microchip/xc8/v2.00/pic/sources/c99/common/printf.c
		_printf        		CODE           	1A29	0000	32

/Applications/microchip/xc8/v2.00/pic/sources/c99/common/printf.c estimated size: 32

