Microchip MPLAB XC8 Compiler V2.00 ()

Linker command line:

-W-3 --edf=/Applications/microchip/xc8/v2.00/pic/dat/en_msgs.txt -cs \
  -h+dist/default/production/Motor.X.production.sym \
  --cmf=dist/default/production/Motor.X.production.cmf -z -w9 \
  --disl=596:off --norlf -Q16F1937 -o/tmp/xcxlOd5s4 \
  --defsym=__MPLAB_BUILD=1 -Mdist/default/production/Motor.X.production.map \
  -E1 -ver=XC8 --acfsm=1493 -ACODE=00h-07FFhx4 -ASTRCODE=00h-01FFFh \
  -ASTRING=00h-0FFhx32 -ACONST=00h-0FFhx32 -AENTRY=00h-0FFhx32 \
  -ACOMMON=070h-07Fh -ABANK0=020h-06Fh -ABANK1=0A0h-0EFh \
  -ABANK2=0120h-016Fh -ABANK3=01A0h-01EFh -ABANK4=0220h-026Fh \
  -ABANK5=02A0h-02EFh -ABANK6=0320h-032Fh -ABIGRAM=02000h-021EFh \
  -ARAM=020h-06Fh,0A0h-0EFh,0120h-016Fh,01A0h-01EFh,0220h-026Fh,02A0h-02EFh,0320h-032Fh \
  -AABS1=020h-07Fh,0A0h-0EFh,0120h-016Fh,01A0h-01EFh,0220h-026Fh,02A0h-02EFh,0320h-032Fh \
  -ASFR0=00h-01Fh -ASFR1=080h-09Fh -ASFR2=0100h-011Fh -ASFR3=0180h-019Fh \
  -ASFR4=0200h-021Fh -ASFR5=0280h-029Fh -ASFR6=0300h-031Fh \
  -ASFR7=0380h-03EFh -ASFR8=0400h-046Fh -ASFR9=0480h-04EFh \
  -ASFR10=0500h-056Fh -ASFR11=0580h-05EFh -ASFR12=0600h-066Fh \
  -ASFR13=0680h-06EFh -ASFR14=0700h-076Fh -ASFR15=0780h-07EFh \
  -ASFR16=0800h-086Fh -ASFR17=0880h-08EFh -ASFR18=0900h-096Fh \
  -ASFR19=0980h-09EFh -ASFR20=0A00h-0A6Fh -ASFR21=0A80h-0AEFh \
  -ASFR22=0B00h-0B6Fh -ASFR23=0B80h-0BEFh -ASFR24=0C00h-0C6Fh \
  -ASFR25=0C80h-0CEFh -ASFR26=0D00h-0D6Fh -ASFR27=0D80h-0DEFh \
  -ASFR28=0E00h-0E6Fh -ASFR29=0E80h-0EEFh -ASFR30=0F00h-0F6Fh \
  -ASFR31=0F80h-0FEFh -preset_vec=00h,intentry,init,end_init -ppowerup=CODE \
  -pcinit=CODE -pfunctab=ENTRY -ACONFIG=08007h-08008h -pconfig=CONFIG \
  -DCONFIG=2 -AIDLOC=08000h-08003h -pidloc=IDLOC -DIDLOC=2 \
  -AEEDATA=00h-0FFh/0F000h -peeprom_data=EEDATA -DEEDATA=2 -DCODE=2 \
  -DSTRCODE=2 -DSTRING=2 -DCONST=2 -DENTRY=2 -k /tmp/xc0LV0i8X.o \
  dist/default/production/Motor.X.production.o 

Object code version is 3.11

Machine type is 16F1937



                Name                               Link     Load   Length Selector   Space Scale
/tmp/xc0LV0i8X.o
                end_init                              2        2        3        0       0
                reset_vec                             0        0        2        0       0
dist/default/production/Motor.X.production.o
                cinit                               7E8      7E8       18      FD0       0
                text27                              ED1      ED1       1E     1DA2       0
                text26                              E88      E88       17     1D10       0
                text25                              F56      F56       2C     1EAC       0
                text24                              E9F      E9F       19     1D3E       0
                text23                              E35      E35        9     1C6A       0
                text22                                5        5       43        0       0
                text21                              FB8      FB8       48     1F70       0
                text20                              F82      F82       36     1F04       0
                text19                              EEF      EEF       1F     1DDE       0
                text18                              E25      E25        8     1C4A       0
                text17                              E55      E55        E     1CAA       0
                text16                              E3E      E3E        B     1C7C       0
                text15                              E1E      E1E        7     1C3C       0
                text14                              F0E      F0E       22     1E1C       0
                text13                              E2D      E2D        8     1C5A       0
                text12                              E14      E14        4     1C28       0
                text11                              E72      E72       16     1CE4       0
                text10                              39E      39E      1DF      73C       0
                text9                               F30      F30       26     1E60       0
                text8                               57D      57D      26B      AFA       0
                text7                               198      198       95      330       0
                text6                               22D      22D       B4      45A       0
                text5                               E49      E49        C     1C92       0
                text4                                A5       A5       69      14A       0
                text3                                48       48       5D       90       0
                text2                               10E      10E       8A      21C       0
                text1                               EB8      EB8       19     1D70       0
                maintext                            2E1      2E1       BD      5C2       0
                cstackBANK0                          20       20       40       20       1
                cstackCOMMON                         70       70        E       70       1
                inittext                            E18      E18        6     1C30       0
                dataBANK1                            A0       A0        F       A0       1
                bssBANK0                             60       60        9       20       1
                stringtext6                        1031     1031        2     2000       0
                stringtext5                        102D     102D        4     2000       0
                stringtext4                        1026     1026        7     2000       0
                stringtext3                        101F     101F        7     2000       0
                stringtext2                        1013     1013        C     2000       0
                stringtext1                        1000     1000       13     2000       0
                idataBANK1                          E63      E63        F     1CC6       0

TOTAL           Name                               Link     Load   Length     Space
        CLASS   CODE           
                end_init                              2        2        3         0
                cinit                               7E8      7E8       18         0
                reset_vec                             0        0        2         0
                text27                              ED1      ED1       1E         0
                text26                              E88      E88       17         0
                text25                              F56      F56       2C         0
                text24                              E9F      E9F       19         0
                text23                              E35      E35        9         0
                text22                                5        5       43         0
                text21                              FB8      FB8       48         0
                text20                              F82      F82       36         0
                text19                              EEF      EEF       1F         0
                text18                              E25      E25        8         0
                text17                              E55      E55        E         0
                text16                              E3E      E3E        B         0
                text15                              E1E      E1E        7         0
                text14                              F0E      F0E       22         0
                text13                              E2D      E2D        8         0
                text12                              E14      E14        4         0
                text11                              E72      E72       16         0
                text10                              39E      39E      1DF         0
                text9                               F30      F30       26         0
                text8                               57D      57D      26B         0
                text7                               198      198       95         0
                text6                               22D      22D       B4         0
                text5                               E49      E49        C         0
                text4                                A5       A5       69         0
                text3                                48       48       5D         0
                text2                               10E      10E       8A         0
                text1                               EB8      EB8       19         0
                maintext                            2E1      2E1       BD         0
                inittext                            E18      E18        6         0
                idataBANK1                          E63      E63        F         0

        CLASS   STRCODE        
                stringtext6                        1031     1031        2         0
                stringtext5                        102D     102D        4         0
                stringtext4                        1026     1026        7         0
                stringtext3                        101F     101F        7         0
                stringtext2                        1013     1013        C         0
                stringtext1                        1000     1000       13         0

        CLASS   STRING         

        CLASS   CONST          

        CLASS   ENTRY          

        CLASS   COMMON         
                cstackCOMMON                         70       70        E         1

        CLASS   BANK0          
                cstackBANK0                          20       20       40         1
                bssBANK0                             60       60        9         1

        CLASS   BANK1          
                dataBANK1                            A0       A0        F         1

        CLASS   BANK2          

        CLASS   BANK3          

        CLASS   BANK4          

        CLASS   BANK5          

        CLASS   BANK6          

        CLASS   BIGRAM         

        CLASS   RAM            

        CLASS   ABS1           
                abs_s1                               7E       7E        2         1

        CLASS   SFR0           

        CLASS   SFR1           

        CLASS   SFR2           

        CLASS   SFR3           

        CLASS   SFR4           

        CLASS   SFR5           

        CLASS   SFR6           

        CLASS   SFR7           

        CLASS   SFR8           

        CLASS   SFR9           

        CLASS   SFR10          

        CLASS   SFR11          

        CLASS   SFR12          

        CLASS   SFR13          

        CLASS   SFR14          

        CLASS   SFR15          

        CLASS   SFR16          

        CLASS   SFR17          

        CLASS   SFR18          

        CLASS   SFR19          

        CLASS   SFR20          

        CLASS   SFR21          

        CLASS   SFR22          

        CLASS   SFR23          

        CLASS   SFR24          

        CLASS   SFR25          

        CLASS   SFR26          

        CLASS   SFR27          

        CLASS   SFR28          

        CLASS   SFR29          

        CLASS   SFR30          

        CLASS   SFR31          

        CLASS   CONFIG         

        CLASS   IDLOC          

        CLASS   EEDATA         

        CLASS   BANK31         

        CLASS   BANK30         

        CLASS   BANK29         

        CLASS   BANK28         

        CLASS   BANK27         

        CLASS   BANK26         

        CLASS   BANK25         

        CLASS   BANK24         

        CLASS   BANK23         

        CLASS   BANK22         

        CLASS   BANK21         

        CLASS   BANK20         

        CLASS   BANK19         

        CLASS   BANK18         

        CLASS   BANK17         

        CLASS   BANK16         

        CLASS   BANK15         

        CLASS   BANK14         

        CLASS   BANK13         

        CLASS   BANK12         

        CLASS   BANK11         

        CLASS   BANK10         

        CLASS   BANK9          

        CLASS   BANK8          

        CLASS   BANK7          

        CLASS   STACK          



SEGMENTS        Name                           Load    Length   Top    Selector   Space  Class     Delta

                reset_vec                      000000  000048  000048         0       0  CODE        2
                cstackBANK0                    000020  000049  000069        20       1  BANK0       1
                cstackCOMMON                   000070  00000E  00007E        70       1  COMMON      1
                text3                          000048  00005D  0000A5        90       0  CODE        2
                dataBANK1                      0000A0  00000F  0000AF        A0       1  BANK1       1
                text4                          0000A5  000069  00010E       14A       0  CODE        2
                text2                          00010E  00008A  000198       21C       0  CODE        2
                text7                          000198  000095  00022D       330       0  CODE        2
                text6                          00022D  0000B4  0002E1       45A       0  CODE        2
                maintext                       0002E1  0000BD  00039E       5C2       0  CODE        2
                text10                         00039E  0001DF  00057D       73C       0  CODE        2
                text8                          00057D  00026B  0007E8       AFA       0  CODE        2
                cinit                          0007E8  000018  000800       FD0       0  CODE        2
                text12                         000E14  000004  000E18      1C28       0  CODE        2
                inittext                       000E18  000006  000E1E      1C30       0  CODE        2
                text15                         000E1E  000007  000E25      1C3C       0  CODE        2
                text18                         000E25  000008  000E2D      1C4A       0  CODE        2
                text13                         000E2D  000008  000E35      1C5A       0  CODE        2
                text23                         000E35  000009  000E3E      1C6A       0  CODE        2
                text16                         000E3E  00000B  000E49      1C7C       0  CODE        2
                text5                          000E49  00000C  000E55      1C92       0  CODE        2
                text17                         000E55  00000E  000E63      1CAA       0  CODE        2
                idataBANK1                     000E63  00000F  000E72      1CC6       0  CODE        2
                text11                         000E72  000016  000E88      1CE4       0  CODE        2
                text26                         000E88  000017  000E9F      1D10       0  CODE        2
                text24                         000E9F  000019  000EB8      1D3E       0  CODE        2
                text1                          000EB8  000019  000ED1      1D70       0  CODE        2
                text27                         000ED1  00001E  000EEF      1DA2       0  CODE        2
                text19                         000EEF  00001F  000F0E      1DDE       0  CODE        2
                text14                         000F0E  000022  000F30      1E1C       0  CODE        2
                text9                          000F30  000026  000F56      1E60       0  CODE        2
                text25                         000F56  00002C  000F82      1EAC       0  CODE        2
                text20                         000F82  000036  000FB8      1F04       0  CODE        2
                text21                         000FB8  000048  001000      1F70       0  CODE        2
                stringtext1                    001000  000033  001033      2000       0  STRCODE     2


UNUSED ADDRESS RANGES

        Name                Unused          Largest block    Delta
        BANK0            0069-006F              7           1
        BANK1            00AF-00EF             41           1
        BANK2            0120-016F             50           1
        BANK3            01A0-01EF             50           1
        BANK4            0220-026F             50           1
        BANK5            02A0-02EF             50           1
        BANK6            0320-032F             10           1
        BIGRAM           2000-21EF            1F0           1
        CODE             0800-0E13            614           2
                         1033-1FFF            7CD
        CONFIG           8007-8008              2           2
        CONST            0800-0E13            100           2
                         1033-1FFF            100
        EEDATA           F000-F0FF            100           2
        ENTRY            0800-0E13            100           2
                         1033-1FFF            100
        IDLOC            8000-8003              4           2
        RAM              0069-006F              7           1
                         00AF-00EF             41
                         0120-016F             50
                         01A0-01EF             50
                         0220-026F             50
                         02A0-02EF             50
                         0320-032F             10
        SFR0             0000-001F             20           1
        SFR1             0080-009F             20           1
        SFR10            0500-056F             70           1
        SFR11            0580-05EF             70           1
        SFR12            0600-066F             70           1
        SFR13            0680-06EF             70           1
        SFR14            0700-076F             70           1
        SFR15            0780-07EF             70           1
        SFR16            0800-086F             70           1
        SFR17            0880-08EF             70           1
        SFR18            0900-096F             70           1
        SFR19            0980-09EF             70           1
        SFR2             0100-011F             20           1
        SFR20            0A00-0A6F             70           1
        SFR21            0A80-0AEF             70           1
        SFR22            0B00-0B6F             70           1
        SFR23            0B80-0BEF             70           1
        SFR24            0C00-0C6F             70           1
        SFR25            0C80-0CEF             70           1
        SFR26            0D00-0D6F             70           1
        SFR27            0D80-0DEF             70           1
        SFR28            0E00-0E6F             70           1
        SFR29            0E80-0EEF             70           1
        SFR3             0180-019F             20           1
        SFR30            0F00-0F6F             70           1
        SFR31            0F80-0FEF             70           1
        SFR4             0200-021F             20           1
        SFR5             0280-029F             20           1
        SFR6             0300-031F             20           1
        SFR7             0380-03EF             70           1
        SFR8             0400-046F             70           1
        SFR9             0480-04EF             70           1
        STRCODE          0800-0E13            614           2
                         1033-1FFF            FCD
        STRING           0800-0E13            100           2
                         1033-1FFF            100

                                  Symbol Table

__CFG_BOREN$OFF                  (abs)        0000
__CFG_BORV$LO                    (abs)        0000
__CFG_CLKOUTEN$OFF               (abs)        0000
__CFG_CP$OFF                     (abs)        0000
__CFG_CPD$OFF                    (abs)        0000
__CFG_FCMEN$ON                   (abs)        0000
__CFG_FOSC$INTOSC                (abs)        0000
__CFG_IESO$ON                    (abs)        0000
__CFG_LVP$OFF                    (abs)        0000
__CFG_MCLRE$ON                   (abs)        0000
__CFG_PLLEN$OFF                  (abs)        0000
__CFG_PWRTE$OFF                  (abs)        0000
__CFG_STVREN$ON                  (abs)        0000
__CFG_VCAPEN$OFF                 (abs)        0000
__CFG_WDTE$OFF                   (abs)        0000
__CFG_WRT$OFF                    (abs)        0000
__Habs1                          abs1         0000
__Hbank0                         bank0        0000
__Hbank1                         bank1        0000
__Hbank10                        bank10       0000
__Hbank11                        bank11       0000
__Hbank12                        bank12       0000
__Hbank13                        bank13       0000
__Hbank14                        bank14       0000
__Hbank15                        bank15       0000
__Hbank16                        bank16       0000
__Hbank17                        bank17       0000
__Hbank18                        bank18       0000
__Hbank19                        bank19       0000
__Hbank2                         bank2        0000
__Hbank20                        bank20       0000
__Hbank21                        bank21       0000
__Hbank22                        bank22       0000
__Hbank23                        bank23       0000
__Hbank24                        bank24       0000
__Hbank25                        bank25       0000
__Hbank26                        bank26       0000
__Hbank27                        bank27       0000
__Hbank28                        bank28       0000
__Hbank29                        bank29       0000
__Hbank3                         bank3        0000
__Hbank30                        bank30       0000
__Hbank31                        bank31       0000
__Hbank4                         bank4        0000
__Hbank5                         bank5        0000
__Hbank6                         bank6        0000
__Hbank7                         bank7        0000
__Hbank8                         bank8        0000
__Hbank9                         bank9        0000
__Hbigram                        bigram       0000
__HbssBANK0                      bssBANK0     0000
__Hclrtext                       clrtext      0000
__Hcode                          code         0000
__Hcommon                        common       0000
__Hconfig                        config       0000
__HcstackBANK0                   cstackBANK0  0000
__HcstackCOMMON                  cstackCOMMON 0000
__HdataBANK1                     dataBANK1    0000
__Heeprom_data                   eeprom_data  0000
__Hfunctab                       functab      0000
__HidataBANK1                    idataBANK1   0000
__Hidloc                         idloc        0000
__Hinittext                      inittext     0000
__Hmaintext                      maintext     0000
__Hpowerup                       powerup      0000
__Hram                           ram          0000
__Hsfr0                          sfr0         0000
__Hsfr1                          sfr1         0000
__Hsfr10                         sfr10        0000
__Hsfr11                         sfr11        0000
__Hsfr12                         sfr12        0000
__Hsfr13                         sfr13        0000
__Hsfr14                         sfr14        0000
__Hsfr15                         sfr15        0000
__Hsfr16                         sfr16        0000
__Hsfr17                         sfr17        0000
__Hsfr18                         sfr18        0000
__Hsfr19                         sfr19        0000
__Hsfr2                          sfr2         0000
__Hsfr20                         sfr20        0000
__Hsfr21                         sfr21        0000
__Hsfr22                         sfr22        0000
__Hsfr23                         sfr23        0000
__Hsfr24                         sfr24        0000
__Hsfr25                         sfr25        0000
__Hsfr26                         sfr26        0000
__Hsfr27                         sfr27        0000
__Hsfr28                         sfr28        0000
__Hsfr29                         sfr29        0000
__Hsfr3                          sfr3         0000
__Hsfr30                         sfr30        0000
__Hsfr31                         sfr31        0000
__Hsfr4                          sfr4         0000
__Hsfr5                          sfr5         0000
__Hsfr6                          sfr6         0000
__Hsfr7                          sfr7         0000
__Hsfr8                          sfr8         0000
__Hsfr9                          sfr9         0000
__Hspace_2                       (abs)        0000
__Hspace_3                       (abs)        0000
__Hstack                         stack        0000
__Hstrings                       strings      0000
__Hstringtext1                   stringtext1  0000
__Hstringtext2                   stringtext2  0000
__Hstringtext3                   stringtext3  0000
__Hstringtext4                   stringtext4  0000
__Hstringtext5                   stringtext5  0000
__Hstringtext6                   stringtext6  0000
__Hstringtext7                   stringtext7  0000
__Htext                          text         0000
__Labs1                          abs1         0000
__Lbank0                         bank0        0000
__Lbank1                         bank1        0000
__Lbank10                        bank10       0000
__Lbank11                        bank11       0000
__Lbank12                        bank12       0000
__Lbank13                        bank13       0000
__Lbank14                        bank14       0000
__Lbank15                        bank15       0000
__Lbank16                        bank16       0000
__Lbank17                        bank17       0000
__Lbank18                        bank18       0000
__Lbank19                        bank19       0000
__Lbank2                         bank2        0000
__Lbank20                        bank20       0000
__Lbank21                        bank21       0000
__Lbank22                        bank22       0000
__Lbank23                        bank23       0000
__Lbank24                        bank24       0000
__Lbank25                        bank25       0000
__Lbank26                        bank26       0000
__Lbank27                        bank27       0000
__Lbank28                        bank28       0000
__Lbank29                        bank29       0000
__Lbank3                         bank3        0000
__Lbank30                        bank30       0000
__Lbank31                        bank31       0000
__Lbank4                         bank4        0000
__Lbank5                         bank5        0000
__Lbank6                         bank6        0000
__Lbank7                         bank7        0000
__Lbank8                         bank8        0000
__Lbank9                         bank9        0000
__Lbigram                        bigram       0000
__LbssBANK0                      bssBANK0     0000
__Lclrtext                       clrtext      0000
__Lcode                          code         0000
__Lcommon                        common       0000
__Lconfig                        config       0000
__LcstackBANK0                   cstackBANK0  0000
__LcstackCOMMON                  cstackCOMMON 0000
__LdataBANK1                     dataBANK1    0000
__Leeprom_data                   eeprom_data  0000
__Lfunctab                       functab      0000
__LidataBANK1                    idataBANK1   0000
__Lidloc                         idloc        0000
__Linittext                      inittext     0000
__Lmaintext                      maintext     0000
__Lpowerup                       powerup      0000
__Lram                           ram          0000
__Lreset_vec                     reset_vec    0000
__Lsfr0                          sfr0         0000
__Lsfr1                          sfr1         0000
__Lsfr10                         sfr10        0000
__Lsfr11                         sfr11        0000
__Lsfr12                         sfr12        0000
__Lsfr13                         sfr13        0000
__Lsfr14                         sfr14        0000
__Lsfr15                         sfr15        0000
__Lsfr16                         sfr16        0000
__Lsfr17                         sfr17        0000
__Lsfr18                         sfr18        0000
__Lsfr19                         sfr19        0000
__Lsfr2                          sfr2         0000
__Lsfr20                         sfr20        0000
__Lsfr21                         sfr21        0000
__Lsfr22                         sfr22        0000
__Lsfr23                         sfr23        0000
__Lsfr24                         sfr24        0000
__Lsfr25                         sfr25        0000
__Lsfr26                         sfr26        0000
__Lsfr27                         sfr27        0000
__Lsfr28                         sfr28        0000
__Lsfr29                         sfr29        0000
__Lsfr3                          sfr3         0000
__Lsfr30                         sfr30        0000
__Lsfr31                         sfr31        0000
__Lsfr4                          sfr4         0000
__Lsfr5                          sfr5         0000
__Lsfr6                          sfr6         0000
__Lsfr7                          sfr7         0000
__Lsfr8                          sfr8         0000
__Lsfr9                          sfr9         0000
__Lspace_0                       (abs)        0000
__Lspace_1                       (abs)        0000
__Lspace_2                       (abs)        0000
__Lspace_3                       (abs)        0000
__Lstack                         stack        0000
__Lstrings                       strings      0000
__Lstringtext1                   stringtext1  0000
__Lstringtext2                   stringtext2  0000
__Lstringtext3                   stringtext3  0000
__Lstringtext4                   stringtext4  0000
__Lstringtext5                   stringtext5  0000
__Lstringtext6                   stringtext6  0000
__Lstringtext7                   stringtext7  0000
__Ltext                          text         0000
__S3                             (abs)        0000
___int_sp                        stack        0000
___sp                            stack        0000
__pstringtext7                   stringtext7  0000
__size_of_ADC_GetConversion      (abs)        0000
__size_of_ADC_Initialize         (abs)        0000
__size_of_EPWM1_Initialize       (abs)        0000
__size_of_EPWM1_LoadDutyValue    (abs)        0000
__size_of_EUSART_Initialize      (abs)        0000
__size_of_EUSART_Write           (abs)        0000
__size_of_Lcd_Clear              (abs)        0000
__size_of_Lcd_Cmd                (abs)        0000
__size_of_Lcd_Init               (abs)        0000
__size_of_Lcd_Port               (abs)        0000
__size_of_Lcd_Set_Cursor         (abs)        0000
__size_of_Lcd_Write_Char         (abs)        0000
__size_of_Lcd_Write_String       (abs)        0000
__size_of_OSCILLATOR_Initialize  (abs)        0000
__size_of_PIN_MANAGER_Initialize (abs)        0000
__size_of_SYSTEM_Initialize      (abs)        0000
__size_of_TMR2_Initialize        (abs)        0000
__size_of_WDT_Initialize         (abs)        0000
__size_of__Umul8_16              (abs)        0000
__size_of___awdiv                (abs)        0000
__size_of___awmod                (abs)        0000
__size_of___fldiv                (abs)        0000
__size_of___flmul                (abs)        0000
__size_of___fltol                (abs)        0000
__size_of___xxtofl               (abs)        0000
__size_of_conv_int_to_string     (abs)        0000
__size_of_main                   (abs)        0000
__size_of_send_string            (abs)        0000
_rechtslauf                                       
___latbits                       (abs)        0002
__Hinit                          init         0002
__Hintentry                      intentry     0002
__Hreset_vec                     reset_vec    0002
__Lend_init                      end_init     0002
__Linit                          init         0002
__Lintentry                      intentry     0002
_Lcd_Init                        text22       0005
__Hend_init                      end_init     0005
__ptext22                        text22       0005
_PIR1bits                        (abs)        0011
_TMR2                            (abs)        001A
_PR2                             (abs)        001B
_T2CON                           (abs)        001C
_T2CONbits                       (abs)        001C
?___fldiv                        cstackBANK0  0020
___fldiv@a                       cstackBANK0  0020
__pcstackBANK0                   cstackBANK0  0020
conv_int_to_string@rest          cstackBANK0  0020
conv_int_to_string@integer       cstackBANK0  0021
conv_int_to_string@result        cstackBANK0  0022
___fldiv@b                       cstackBANK0  0024
conv_int_to_string@i             cstackBANK0  0025
conv_int_to_string@i_395         cstackBANK0  0026
___fldiv@rem                     cstackBANK0  002D
___fldiv@sign                    cstackBANK0  0031
___fldiv@new_exp                 cstackBANK0  0032
___fldiv@grs                     cstackBANK0  0034
___fldiv@bexp                    cstackBANK0  0038
___fldiv@aexp                    cstackBANK0  0039
?___flmul                        cstackBANK0  003A
___flmul@b                       cstackBANK0  003A
___flmul@a                       cstackBANK0  003E
___flmul@sign                    cstackBANK0  0047
___flmul@grs                     cstackBANK0  0048
___flmul@aexp                    cstackBANK0  004C
___flmul@bexp                    cstackBANK0  004D
___flmul@prod                    cstackBANK0  004E
___flmul@temp                    cstackBANK0  0052
?___fltol                        cstackBANK0  0054
___fltol@f1                      cstackBANK0  0054
___fltol@sign1                   cstackBANK0  005D
___fltol@exp1                    cstackBANK0  005E
__pbssBANK0                      bssBANK0     0060
conv_int_to_string@F2966         bssBANK0     0063
_convertedValue                  bssBANK0     0066
_percent                         bssBANK0     0068
?_ADC_GetConversion              cstackCOMMON 0070
?__Umul8_16                      cstackCOMMON 0070
?___awdiv                        cstackCOMMON 0070
?___awmod                        cstackCOMMON 0070
?___xxtofl                       cstackCOMMON 0070
EPWM1_LoadDutyValue@dutyValue    cstackCOMMON 0070
EUSART_Write@txData              cstackCOMMON 0070
Lcd_Port@a                       cstackCOMMON 0070
__Umul8_16@multiplicand          cstackCOMMON 0070
___awdiv@divisor                 cstackCOMMON 0070
___awmod@divisor                 cstackCOMMON 0070
___xxtofl@val                    cstackCOMMON 0070
__pcstackCOMMON                  cstackCOMMON 0070
Lcd_Cmd@a                        cstackCOMMON 0072
Lcd_Write_Char@temp              cstackCOMMON 0072
___awdiv@dividend                cstackCOMMON 0072
___awmod@dividend                cstackCOMMON 0072
ADC_GetConversion@channel        cstackCOMMON 0073
Lcd_Set_Cursor@b                 cstackCOMMON 0073
Lcd_Write_Char@y                 cstackCOMMON 0073
Lcd_Write_Char@a                 cstackCOMMON 0074
__Umul8_16@product               cstackCOMMON 0074
Lcd_Write_String@a               cstackCOMMON 0075
___awdiv@counter                 cstackCOMMON 0075
___awmod@counter                 cstackCOMMON 0075
Lcd_Set_Cursor@a                 cstackCOMMON 0076
__Umul8_16@word_mpld             cstackCOMMON 0076
___awdiv@sign                    cstackCOMMON 0076
___awmod@sign                    cstackCOMMON 0076
Lcd_Set_Cursor@z                 cstackCOMMON 0077
___awdiv@quotient                cstackCOMMON 0077
Lcd_Set_Cursor@y                 cstackCOMMON 0078
Lcd_Write_String@i               cstackCOMMON 0078
__Umul8_16@multiplier            cstackCOMMON 0078
___xxtofl@sign                   cstackCOMMON 0078
Lcd_Set_Cursor@temp              cstackCOMMON 0079
___xxtofl@exp                    cstackCOMMON 0079
___xxtofl@arg                    cstackCOMMON 007A
btemp                            (abs)        007E
_TRISA                           (abs)        008C
_TRISB                           (abs)        008D
_TRISC                           (abs)        008E
_TRISD                           (abs)        008F
_TRISE                           (abs)        0090
___awmod                         text3        0048
__end_of_Lcd_Init                text22       0048
__ptext3                         text3        0048
_OPTION_REGbits                  (abs)        0095
_WDTCON                          (abs)        0097
_OSCTUNE                         (abs)        0098
_OSCCON                          (abs)        0099
_ADRESL                          (abs)        009B
_ADRESH                          (abs)        009C
_ADCON0                          (abs)        009D
_ADCON0bits                      (abs)        009D
_ADCON1                          (abs)        009E
__pdataBANK1                     dataBANK1    00A0
__Hspace_1                       (abs)        00AF
__S1                             (abs)        00AF
_LATA                            (abs)        010C
_LATAbits                        (abs)        010C
_LATB                            (abs)        010D
_LATC                            (abs)        010E
_LATD                            (abs)        010F
_LATE                            (abs)        0110
_BORCON                          (abs)        0116
_APFCON                          (abs)        011D
___awdiv                         text4        00A5
__end_of___awmod                 text3        00A5
__ptext4                         text4        00A5
_ANSELA                          (abs)        018C
_ANSELB                          (abs)        018D
_ANSELD                          (abs)        018F
_ANSELE                          (abs)        0190
_TXREG                           (abs)        019A
_SPBRGL                          (abs)        019B
_SPBRGH                          (abs)        019C
_RCSTA                           (abs)        019D
_TXSTA                           (abs)        019E
_BAUDCON                         (abs)        019F
_WPUB                            (abs)        020D
_WPUE                            (abs)        0210
__end_of___awdiv                 text4        010E
__ptext2                         text2        010E
_conv_int_to_string              text2        010E
_CCPR1L                          (abs)        0291
_CCPR1H                          (abs)        0292
_CCP1CON                         (abs)        0293
_PWM1CON                         (abs)        0294
_ECCP1AS                         (abs)        0295
_PSTR1CON                        (abs)        0296
_CCPTMRS0bits                    (abs)        029E
___fltol                         text7        0198
__end_of_conv_int_to_string      text2        0198
__ptext7                         text7        0198
___xxtofl                        text6        022D
__end_of___fltol                 text7        022D
__ptext6                         text6        022D
__end_of___xxtofl                text6        02E1
__pmaintext                      maintext     02E1
_main                            maintext     02E1
___fldiv                         text10       039E
__end_of_main                    maintext     039E
__ptext10                        text10       039E
___flmul                         text8        057D
__end_of___fldiv                 text10       057D
__ptext8                         text8        057D
__Lcinit                         cinit        07E8
__end_of___flmul                 text8        07E8
__initialization                 cinit        07E8
__end_of__initialization         cinit        07FD
__Hcinit                         cinit        0800
__Hspace_0                       (abs)        1033
__S0                             (abs)        1033
_WDT_Initialize                  text12       0E14
__ptext12                        text12       0E14
__end_of_WDT_Initialize          text12       0E18
_OSCILLATOR_Initialize           text15       0E1E
__ptext15                        text15       0E1E
_ADC_Initialize                  text18       0E25
__end_of_OSCILLATOR_Initialize   text15       0E25
__ptext18                        text18       0E25
_TMR2_Initialize                 text13       0E2D
__end_of_ADC_Initialize          text18       0E2D
__ptext13                        text13       0E2D
_Lcd_Clear                       text23       0E35
__end_of_TMR2_Initialize         text13       0E35
__ptext23                        text23       0E35
_EUSART_Initialize               text16       0E3E
__end_of_Lcd_Clear               text23       0E3E
__ptext16                        text16       0E3E
_EUSART_Write                    text5        0E49
__end_of_EUSART_Initialize       text16       0E49
__ptext5                         text5        0E49
_EPWM1_Initialize                text17       0E55
__end_of_EUSART_Write            text5        0E55
__ptext17                        text17       0E55
__end_of_EPWM1_Initialize        text17       0E63
__pidataBANK1                    idataBANK1   0E63
_SYSTEM_Initialize               text11       0E72
__ptext11                        text11       0E72
_EPWM1_LoadDutyValue             text26       0E88
__end_of_SYSTEM_Initialize       text11       0E88
__ptext26                        text26       0E88
_Lcd_Cmd                         text24       0E9F
__end_of_EPWM1_LoadDutyValue     text26       0E9F
__ptext24                        text24       0E9F
__end_of_Lcd_Cmd                 text24       0EB8
__ptext1                         text1        0EB8
_send_string                     text1        0EB8
_ADC_GetConversion               text27       0ED1
__end_of_send_string             text1        0ED1
__ptext27                        text27       0ED1
_Lcd_Write_String                text19       0EEF
__end_of_ADC_GetConversion       text27       0EEF
__ptext19                        text19       0EEF
_PIN_MANAGER_Initialize          text14       0F0E
__end_of_Lcd_Write_String        text19       0F0E
__ptext14                        text14       0F0E
__Umul8_16                       text9        0F30
__end_of_PIN_MANAGER_Initialize  text14       0F30
__ptext9                         text9        0F30
_Lcd_Port                        text25       0F56
__end_of__Umul8_16               text9        0F56
__ptext25                        text25       0F56
_Lcd_Write_Char                  text20       0F82
__end_of_Lcd_Port                text25       0F82
__ptext20                        text20       0F82
_Lcd_Set_Cursor                  text21       0FB8
__end_of_Lcd_Write_Char          text20       0FB8
__ptext21                        text21       0FB8
__end_of_Lcd_Set_Cursor          text21       1000
__pstringtext1                   stringtext1  1000
__pstringtext2                   stringtext2  1013
__pstringtext3                   stringtext3  101F
__pstringtext4                   stringtext4  1026
__pstringtext5                   stringtext5  102D
__pstringtext6                   stringtext6  1031
end_of_initialization            cinit        07FD
intlevel0                        functab      0000
intlevel1                        functab      0000
intlevel2                        functab      0000
intlevel3                        functab      0000
intlevel4                        functab      0000
intlevel5                        functab      0000
reset_vec                        reset_vec    0000
send_string@x                    cstackCOMMON 0071
init_ram                         inittext     0E18
stackhi                          (abs)        0000
stacklo                          (abs)        0000
start                            init         0002
wtemp0                           (abs)        007E
start_initialization             cinit        07E8
