Microchip MPLAB XC8 Compiler V2.00 ()

Linker command line:

-W-3 --edf=/Applications/microchip/xc8/v2.00/pic/dat/en_msgs.txt -cs \
  -h+dist/default/production/OneWire.X.production.sym \
  --cmf=dist/default/production/OneWire.X.production.cmf -z -Q16F1937 \
  -o/tmp/xcM6gaEXb --defsym=__MPLAB_BUILD=1 \
  -Mdist/default/production/OneWire.X.production.map -E1 -ver=XC8 \
  --acfsm=1493 -ASTACK=020A0h-021efh -pstack=STACK -ACODE=00h-07FFhx4 \
  -ASTRCODE=00h-01FFFh -ASTRING=00h-0FFhx32 -ACONST=00h-0FFhx32 \
  -AENTRY=00h-0FFhx32 -ACOMMON=070h-07Fh -ABANK0=020h-06Fh \
  -ABANK1=0A0h-0EFh -ABANK2=0120h-016Fh -ABANK3=01A0h-01EFh \
  -ABANK4=0220h-026Fh -ABANK5=02A0h-02EFh -ABANK6=0320h-032Fh \
  -ABIGRAM=02000h-021EFh \
  -ARAM=020h-06Fh,0A0h-0EFh,0120h-016Fh,01A0h-01EFh,0220h-026Fh,02A0h-02EFh,0320h-032Fh \
  -AABS1=020h-07Fh,0A0h-0EFh,0120h-016Fh,01A0h-01EFh,0220h-026Fh,02A0h-02EFh,0320h-032Fh \
  -ASFR0=00h-01Fh -ASFR1=080h-09Fh -ASFR2=0100h-011Fh -ASFR3=0180h-019Fh \
  -ASFR4=0200h-021Fh -ASFR5=0280h-029Fh -ASFR6=0300h-031Fh \
  -ASFR7=0380h-03EFh -ASFR8=0400h-046Fh -ASFR9=0480h-04EFh \
  -ASFR10=0500h-056Fh -ASFR11=0580h-05EFh -ASFR12=0600h-066Fh \
  -ASFR13=0680h-06EFh -ASFR14=0700h-076Fh -ASFR15=0780h-07EFh \
  -ASFR16=0800h-086Fh -ASFR17=0880h-08EFh -ASFR18=0900h-096Fh \
  -ASFR19=0980h-09EFh -ASFR20=0A00h-0A6Fh -ASFR21=0A80h-0AEFh \
  -ASFR22=0B00h-0B6Fh -ASFR23=0B80h-0BEFh -ASFR24=0C00h-0C6Fh \
  -ASFR25=0C80h-0CEFh -ASFR26=0D00h-0D6Fh -ASFR27=0D80h-0DEFh \
  -ASFR28=0E00h-0E6Fh -ASFR29=0E80h-0EEFh -ASFR30=0F00h-0F6Fh \
  -ASFR31=0F80h-0FEFh -preset_vec=00h,intentry,init,end_init -ppowerup=CODE \
  -pcinit=CODE -pfunctab=ENTRY -ACONFIG=08007h-08008h -pconfig=CONFIG \
  -DCONFIG=2 -AIDLOC=08000h-08003h -pidloc=IDLOC -DIDLOC=2 \
  -AEEDATA=00h-0FFh/0F000h -peeprom_data=EEDATA -DEEDATA=2 -DCODE=2 \
  -DSTRCODE=2 -DSTRING=2 -DCONST=2 -DENTRY=2 -k /tmp/xcWjRzTvu.o \
  dist/default/production/OneWire.X.production.o 

Object code version is 3.11

Machine type is 16F1937



                Name                               Link     Load   Length Selector   Space Scale
/tmp/xcWjRzTvu.o
                end_init                              2        2        2        0       0
                reset_vec                             0        0        2        0       0
                config                             8007     8007        2    1000E       0
dist/default/production/OneWire.X.production.o
                cinit                               7DA      7DA       26      FB4       0
                text14                              5EF      5EF       11      BDE       0
                text13                              5D8      5D8        B      BB0       0
                text12                              5CA      5CA        7      B94       0
                text11                              5A6      5A6        6      B4C       0
                text10                              5AC      5AC        6      B58       0
                text9                               65A      65A       37      CB4       0
                text8                               5B2      5B2        6      B64       0
                text7                               613      613       16      C26       0
                text6                               5B8      5B8        6      B70       0
                text5                               629      629       18      C52       0
                text4                               5A2      5A2        4      B44       0
                text3                               600      600       13      C00       0
                text2                               5E3      5E3        C      BC6       0
                text1                               641      641       19      C82       0
                maintext                            691      691      149      D22       0
                cstackCOMMON                         77       77        7       70       1
                clrtext                             5BE      5BE        6      B7C       0
                inittext                            5C4      5C4        6      B88       0
                bssBANK1                             A0       A0       50       A0       1
                dataBANK0                            49       49        7       20       1
                bssBANK0                             20       20       1E       20       1
                bssCOMMON                            70       70        7       70       1
                stringtext36                        B52      B52        3     1000       0
                stringtext35                        B4E      B4E        4     1000       0
                stringtext34                        B4A      B4A        4     1000       0
                stringtext33                        B46      B46        4     1000       0
                stringtext32                        B42      B42        4     1000       0
                stringtext31                        B3E      B3E        4     1000       0
                stringtext30                        B3A      B3A        4     1000       0
                stringtext29                        B36      B36        4     1000       0
                stringtext28                        B31      B31        5     1000       0
                stringtext27                        B2C      B2C        5     1000       0
                stringtext26                        B27      B27        5     1000       0
                stringtext25                        B21      B21        6     1000       0
                stringtext24                        B1B      B1B        6     1000       0
                stringtext23                        B14      B14        7     1000       0
                stringtext22                        B06      B06        E     1000       0
                stringtext21                        AF8      AF8        E     1000       0
                stringtext20                        AE4      AE4       14     1000       0
                stringtext19                        AD0      AD0       14     1000       0
                stringtext18                        AB8      AB8       18     1000       0
                stringtext17                        AA0      AA0       18     1000       0
                stringtext16                        A87      A87       19     1000       0
                stringtext15                        A6E      A6E       19     1000       0
                stringtext14                        A54      A54       1A     1000       0
                stringtext13                        A3A      A3A       1A     1000       0
                stringtext12                        A20      A20       1A     1000       0
                stringtext11                        A06      A06       1A     1000       0
                stringtext10                        9EA      9EA       1C     1000       0
                stringtext9                         9CE      9CE       1C     1000       0
                stringtext8                         9A7      9A7       27     1000       0
                stringtext7                         97E      97E       29     1000       0
                stringtext6                         94F      94F       2F     1000       0
                stringtext5                         920      920       2F     1000       0
                stringtext4                         8EE      8EE       32     1000       0
                stringtext3                         8B9      8B9       35     1000       0
                stringtext2                         87A      87A       3F     1000       0
                stringtext1                         800      800       7A     1000       0
                nvBANK0                              3E       3E        B       20       1
                idataBANK0                          5D1      5D1        7      BA2       0

TOTAL           Name                               Link     Load   Length     Space
        CLASS   STACK          

        CLASS   CODE           
                end_init                              2        2        2         0
                cinit                               7DA      7DA       26         0
                reset_vec                             0        0        2         0
                text14                              5EF      5EF       11         0
                text13                              5D8      5D8        B         0
                text12                              5CA      5CA        7         0
                text11                              5A6      5A6        6         0
                text10                              5AC      5AC        6         0
                text9                               65A      65A       37         0
                text8                               5B2      5B2        6         0
                text7                               613      613       16         0
                text6                               5B8      5B8        6         0
                text5                               629      629       18         0
                text4                               5A2      5A2        4         0
                text3                               600      600       13         0
                text2                               5E3      5E3        C         0
                text1                               641      641       19         0
                maintext                            691      691      149         0
                clrtext                             5BE      5BE        6         0
                inittext                            5C4      5C4        6         0
                idataBANK0                          5D1      5D1        7         0

        CLASS   STRCODE        
                stringtext36                        B52      B52        3         0
                stringtext35                        B4E      B4E        4         0
                stringtext34                        B4A      B4A        4         0
                stringtext33                        B46      B46        4         0
                stringtext32                        B42      B42        4         0
                stringtext31                        B3E      B3E        4         0
                stringtext30                        B3A      B3A        4         0
                stringtext29                        B36      B36        4         0
                stringtext28                        B31      B31        5         0
                stringtext27                        B2C      B2C        5         0
                stringtext26                        B27      B27        5         0
                stringtext25                        B21      B21        6         0
                stringtext24                        B1B      B1B        6         0
                stringtext23                        B14      B14        7         0
                stringtext22                        B06      B06        E         0
                stringtext21                        AF8      AF8        E         0
                stringtext20                        AE4      AE4       14         0
                stringtext19                        AD0      AD0       14         0
                stringtext18                        AB8      AB8       18         0
                stringtext17                        AA0      AA0       18         0
                stringtext16                        A87      A87       19         0
                stringtext15                        A6E      A6E       19         0
                stringtext14                        A54      A54       1A         0
                stringtext13                        A3A      A3A       1A         0
                stringtext12                        A20      A20       1A         0
                stringtext11                        A06      A06       1A         0
                stringtext10                        9EA      9EA       1C         0
                stringtext9                         9CE      9CE       1C         0
                stringtext8                         9A7      9A7       27         0
                stringtext7                         97E      97E       29         0
                stringtext6                         94F      94F       2F         0
                stringtext5                         920      920       2F         0
                stringtext4                         8EE      8EE       32         0
                stringtext3                         8B9      8B9       35         0
                stringtext2                         87A      87A       3F         0
                stringtext1                         800      800       7A         0

        CLASS   STRING         

        CLASS   CONST          

        CLASS   ENTRY          

        CLASS   COMMON         
                cstackCOMMON                         77       77        7         1
                bssCOMMON                            70       70        7         1

        CLASS   BANK0          
                dataBANK0                            49       49        7         1
                bssBANK0                             20       20       1E         1
                nvBANK0                              3E       3E        B         1

        CLASS   BANK1          
                bssBANK1                             A0       A0       50         1

        CLASS   BANK2          

        CLASS   BANK3          

        CLASS   BANK4          

        CLASS   BANK5          

        CLASS   BANK6          

        CLASS   BIGRAM         

        CLASS   RAM            

        CLASS   ABS1           
                abs_s1                               7E       7E        2         1

        CLASS   SFR0           

        CLASS   SFR1           

        CLASS   SFR2           

        CLASS   SFR3           

        CLASS   SFR4           

        CLASS   SFR5           

        CLASS   SFR6           

        CLASS   SFR7           

        CLASS   SFR8           

        CLASS   SFR9           

        CLASS   SFR10          

        CLASS   SFR11          

        CLASS   SFR12          

        CLASS   SFR13          

        CLASS   SFR14          

        CLASS   SFR15          

        CLASS   SFR16          

        CLASS   SFR17          

        CLASS   SFR18          

        CLASS   SFR19          

        CLASS   SFR20          

        CLASS   SFR21          

        CLASS   SFR22          

        CLASS   SFR23          

        CLASS   SFR24          

        CLASS   SFR25          

        CLASS   SFR26          

        CLASS   SFR27          

        CLASS   SFR28          

        CLASS   SFR29          

        CLASS   SFR30          

        CLASS   SFR31          

        CLASS   CONFIG         
                config                             8007     8007        2         0

        CLASS   IDLOC          

        CLASS   EEDATA         

        CLASS   BANK31         

        CLASS   BANK30         

        CLASS   BANK29         

        CLASS   BANK28         

        CLASS   BANK27         

        CLASS   BANK26         

        CLASS   BANK25         

        CLASS   BANK24         

        CLASS   BANK23         

        CLASS   BANK22         

        CLASS   BANK21         

        CLASS   BANK20         

        CLASS   BANK19         

        CLASS   BANK18         

        CLASS   BANK17         

        CLASS   BANK16         

        CLASS   BANK15         

        CLASS   BANK14         

        CLASS   BANK13         

        CLASS   BANK12         

        CLASS   BANK11         

        CLASS   BANK10         

        CLASS   BANK9          

        CLASS   BANK8          

        CLASS   BANK7          



SEGMENTS        Name                           Load    Length   Top    Selector   Space  Class     Delta

                reset_vec                      000000  000004  000004         0       0  CODE        2
                bssBANK0                       000020  000030  000050        20       1  BANK0       1
                bssCOMMON                      000070  00000E  00007E        70       1  COMMON      1
                bssBANK1                       0000A0  000050  0000F0        A0       1  BANK1       1
                text4                          0005A2  000004  0005A6       B44       0  CODE        2
                text11                         0005A6  000006  0005AC       B4C       0  CODE        2
                text10                         0005AC  000006  0005B2       B58       0  CODE        2
                text8                          0005B2  000006  0005B8       B64       0  CODE        2
                text6                          0005B8  000006  0005BE       B70       0  CODE        2
                clrtext                        0005BE  000006  0005C4       B7C       0  CODE        2
                inittext                       0005C4  000006  0005CA       B88       0  CODE        2
                text12                         0005CA  000007  0005D1       B94       0  CODE        2
                idataBANK0                     0005D1  000007  0005D8       BA2       0  CODE        2
                text13                         0005D8  00000B  0005E3       BB0       0  CODE        2
                text2                          0005E3  00000C  0005EF       BC6       0  CODE        2
                text14                         0005EF  000011  000600       BDE       0  CODE        2
                text3                          000600  000013  000613       C00       0  CODE        2
                text7                          000613  000016  000629       C26       0  CODE        2
                text5                          000629  000018  000641       C52       0  CODE        2
                text1                          000641  000019  00065A       C82       0  CODE        2
                text9                          00065A  000037  000691       CB4       0  CODE        2
                maintext                       000691  000149  0007DA       D22       0  CODE        2
                cinit                          0007DA  000026  000800       FB4       0  CODE        2
                stringtext1                    000800  000355  000B55      1000       0  STRCODE     2
                config                         008007  000002  008009     1000E       0  CONFIG      2


UNUSED ADDRESS RANGES

        Name                Unused          Largest block    Delta
        BANK0            00050-0006F              20           1
        BANK2            00120-0016F              50           1
        BANK3            001A0-001EF              50           1
        BANK4            00220-0026F              50           1
        BANK5            002A0-002EF              50           1
        BANK6            00320-0032F              10           1
        BIGRAM           02000-021EF             1F0           1
        CODE             00004-005A1             59E           2
                         00B55-01FFF             800
        CONST            00004-005A1             100           2
                         00B55-01FFF             100
        EEDATA           0F000-0F0FF             100           2
        ENTRY            00004-005A1             100           2
                         00B55-01FFF             100
        IDLOC            08000-08003               4           2
        RAM              00050-0006F              20           1
                         00120-0016F              50
                         001A0-001EF              50
                         00220-0026F              50
                         002A0-002EF              50
                         00320-0032F              10
        SFR0             00000-0001F              20           1
        SFR1             00080-0009F              20           1
        SFR10            00500-0056F              70           1
        SFR11            00580-005EF              70           1
        SFR12            00600-0066F              70           1
        SFR13            00680-006EF              70           1
        SFR14            00700-0076F              70           1
        SFR15            00780-007EF              70           1
        SFR16            00800-0086F              70           1
        SFR17            00880-008EF              70           1
        SFR18            00900-0096F              70           1
        SFR19            00980-009EF              70           1
        SFR2             00100-0011F              20           1
        SFR20            00A00-00A6F              70           1
        SFR21            00A80-00AEF              70           1
        SFR22            00B00-00B6F              70           1
        SFR23            00B80-00BEF              70           1
        SFR24            00C00-00C6F              70           1
        SFR25            00C80-00CEF              70           1
        SFR26            00D00-00D6F              70           1
        SFR27            00D80-00DEF              70           1
        SFR28            00E00-00E6F              70           1
        SFR29            00E80-00EEF              70           1
        SFR3             00180-0019F              20           1
        SFR30            00F00-00F6F              70           1
        SFR31            00F80-00FEF              70           1
        SFR4             00200-0021F              20           1
        SFR5             00280-0029F              20           1
        SFR6             00300-0031F              20           1
        SFR7             00380-003EF              70           1
        SFR8             00400-0046F              70           1
        SFR9             00480-004EF              70           1
        STACK            020A0-021EF             150           1
        STRCODE          00004-005A1             59E           2
                         00B55-01FFF            14AB
        STRING           00004-005A1             100           2
                         00B55-01FFF             100

                                  Symbol Table

EUSART_Write@txData                         cstackCOMMON 00077
IOCBF0_SetInterruptHandler@InterruptHandler cstackCOMMON 00077
IOCBF1_SetInterruptHandler@InterruptHandler cstackCOMMON 00077
TMR0_ISR@CountCallBack                      bssBANK0     00039
TMR0_SetInterruptHandler@InterruptHandler   cstackCOMMON 00077
TMR1_ISR@CountCallBack                      bssBANK0     0003B
TMR1_SetInterruptHandler@InterruptHandler   cstackCOMMON 00077
_ANSELA                                     (abs)        0018C
_ANSELB                                     (abs)        0018D
_ANSELD                                     (abs)        0018F
_ANSELE                                     (abs)        00190
_APFCON                                     (abs)        0011D
_BAUDCON                                    (abs)        0019F
_BORCON                                     (abs)        00116
_EUSART_Initialize                          text13       005D8
_EUSART_Read                                text14       005EF
_EUSART_Write                               text2        005E3
_INTCONbits                                 (abs)        0000B
_IOCBF0_DefaultInterruptHandler             (abs)        00000
_IOCBF0_InterruptHandler                    nvBANK0      00046
_IOCBF0_SetInterruptHandler                 text11       005A6
_IOCBF1_DefaultInterruptHandler             (abs)        00000
_IOCBF1_InterruptHandler                    nvBANK0      00044
_IOCBF1_SetInterruptHandler                 text10       005AC
_IOCBFbits                                  (abs)        00396
_IOCBNbits                                  (abs)        00395
_IOCBPbits                                  (abs)        00394
_LATA                                       (abs)        0010C
_LATAbits                                   (abs)        0010C
_LATB                                       (abs)        0010D
_LATC                                       (abs)        0010E
_LATCbits                                   (abs)        0010E
_LATD                                       (abs)        0010F
_LATE                                       (abs)        00110
_LATEbits                                   (abs)        00110
_OPTION_REG                                 (abs)        00095
_OPTION_REGbits                             (abs)        00095
_OSCCON                                     (abs)        00099
_OSCILLATOR_Initialize                      text12       005CA
_OSCTUNE                                    (abs)        00098
_PIE1bits                                   (abs)        00091
_PIN_MANAGER_Initialize                     text9        0065A
_PIR1bits                                   (abs)        00011
_PORTAbits                                  (abs)        0000C
_PORTCbits                                  (abs)        0000E
_PORTEbits                                  (abs)        00010
_RCREG                                      (abs)        00199
_RCSTA                                      (abs)        0019D
_RCSTAbits                                  (abs)        0019D
_SENSOR                                     bssBANK0     00020
_SPBRGH                                     (abs)        0019C
_SPBRGL                                     (abs)        0019B
_SYSTEM_Initialize                          text3        00600
_T1CON                                      (abs)        00018
_T1CONbits                                  (abs)        00018
_T1GCON                                     (abs)        00019
_TMR0                                       (abs)        00015
_TMR0_DefaultInterruptHandler               (abs)        00000
_TMR0_Initialize                            text7        00613
_TMR0_InterruptHandler                      nvBANK0      0003E
_TMR0_SetInterruptHandler                   text8        005B2
_TMR1H                                      (abs)        00017
_TMR1L                                      (abs)        00016
_TMR1_DefaultInterruptHandler               (abs)        00000
_TMR1_Initialize                            text5        00629
_TMR1_InterruptHandler                      nvBANK0      00040
_TMR1_SetInterruptHandler                   text6        005B8
_TRISA                                      (abs)        0008C
_TRISAbits                                  (abs)        0008C
_TRISB                                      (abs)        0008D
_TRISC                                      (abs)        0008E
_TRISD                                      (abs)        0008F
_TRISE                                      (abs)        00090
_TXREG                                      (abs)        0019A
_TXSTA                                      (abs)        0019E
_WDTCON                                     (abs)        00097
_WDT_Initialize                             text4        005A2
_WPUB                                       (abs)        0020D
_WPUE                                       (abs)        00210
__CFG_BOREN$ON                              (abs)        00000
__CFG_BORV$HI                               (abs)        00000
__CFG_CLKOUTEN$OFF                          (abs)        00000
__CFG_CP$OFF                                (abs)        00000
__CFG_CPD$OFF                               (abs)        00000
__CFG_FCMEN$OFF                             (abs)        00000
__CFG_FOSC$INTOSC                           (abs)        00000
__CFG_IESO$ON                               (abs)        00000
__CFG_LVP$OFF                               (abs)        00000
__CFG_MCLRE$ON                              (abs)        00000
__CFG_PLLEN$OFF                             (abs)        00000
__CFG_PWRTE$OFF                             (abs)        00000
__CFG_STVREN$ON                             (abs)        00000
__CFG_VCAPEN$OFF                            (abs)        00000
__CFG_WDTE$OFF                              (abs)        00000
__CFG_WRT$OFF                               (abs)        00000
__Habs1                                     abs1         00000
__Hbank0                                    bank0        00000
__Hbank1                                    bank1        00000
__Hbank10                                   bank10       00000
__Hbank11                                   bank11       00000
__Hbank12                                   bank12       00000
__Hbank13                                   bank13       00000
__Hbank14                                   bank14       00000
__Hbank15                                   bank15       00000
__Hbank16                                   bank16       00000
__Hbank17                                   bank17       00000
__Hbank18                                   bank18       00000
__Hbank19                                   bank19       00000
__Hbank2                                    bank2        00000
__Hbank20                                   bank20       00000
__Hbank21                                   bank21       00000
__Hbank22                                   bank22       00000
__Hbank23                                   bank23       00000
__Hbank24                                   bank24       00000
__Hbank25                                   bank25       00000
__Hbank26                                   bank26       00000
__Hbank27                                   bank27       00000
__Hbank28                                   bank28       00000
__Hbank29                                   bank29       00000
__Hbank3                                    bank3        00000
__Hbank30                                   bank30       00000
__Hbank31                                   bank31       00000
__Hbank4                                    bank4        00000
__Hbank5                                    bank5        00000
__Hbank6                                    bank6        00000
__Hbank7                                    bank7        00000
__Hbank8                                    bank8        00000
__Hbank9                                    bank9        00000
__Hbigram                                   bigram       00000
__HbssBANK0                                 bssBANK0     00000
__HbssBANK1                                 bssBANK1     00000
__HbssCOMMON                                bssCOMMON    00000
__Hcinit                                    cinit        00800
__Hclrtext                                  clrtext      00000
__Hcode                                     code         00000
__Hcommon                                   common       00000
__Hconfig                                   config       08009
__HcstackCOMMON                             cstackCOMMON 00000
__HdataBANK0                                dataBANK0    00000
__Heeprom_data                              eeprom_data  00000
__Hend_init                                 end_init     00004
__Hfunctab                                  functab      00000
__HidataBANK0                               idataBANK0   00000
__Hidloc                                    idloc        00000
__Hinit                                     init         00002
__Hinittext                                 inittext     00000
__Hintentry                                 intentry     00002
__Hmaintext                                 maintext     00000
__HnvBANK0                                  nvBANK0      00000
__Hpowerup                                  powerup      00000
__Hram                                      ram          00000
__Hreset_vec                                reset_vec    00002
__Hsfr0                                     sfr0         00000
__Hsfr1                                     sfr1         00000
__Hsfr10                                    sfr10        00000
__Hsfr11                                    sfr11        00000
__Hsfr12                                    sfr12        00000
__Hsfr13                                    sfr13        00000
__Hsfr14                                    sfr14        00000
__Hsfr15                                    sfr15        00000
__Hsfr16                                    sfr16        00000
__Hsfr17                                    sfr17        00000
__Hsfr18                                    sfr18        00000
__Hsfr19                                    sfr19        00000
__Hsfr2                                     sfr2         00000
__Hsfr20                                    sfr20        00000
__Hsfr21                                    sfr21        00000
__Hsfr22                                    sfr22        00000
__Hsfr23                                    sfr23        00000
__Hsfr24                                    sfr24        00000
__Hsfr25                                    sfr25        00000
__Hsfr26                                    sfr26        00000
__Hsfr27                                    sfr27        00000
__Hsfr28                                    sfr28        00000
__Hsfr29                                    sfr29        00000
__Hsfr3                                     sfr3         00000
__Hsfr30                                    sfr30        00000
__Hsfr31                                    sfr31        00000
__Hsfr4                                     sfr4         00000
__Hsfr5                                     sfr5         00000
__Hsfr6                                     sfr6         00000
__Hsfr7                                     sfr7         00000
__Hsfr8                                     sfr8         00000
__Hsfr9                                     sfr9         00000
__Hspace_0                                  (abs)        08009
__Hspace_1                                  (abs)        000F0
__Hspace_2                                  (abs)        00000
__Hspace_3                                  (abs)        00000
__Hstack                                    stack        00000
__Hstrings                                  strings      00000
__Hstringtext1                              stringtext1  00000
__Hstringtext10                             stringtext10 00000
__Hstringtext11                             stringtext11 00000
__Hstringtext12                             stringtext12 00000
__Hstringtext13                             stringtext13 00000
__Hstringtext14                             stringtext14 00000
__Hstringtext15                             stringtext15 00000
__Hstringtext16                             stringtext16 00000
__Hstringtext17                             stringtext17 00000
__Hstringtext18                             stringtext18 00000
__Hstringtext19                             stringtext19 00000
__Hstringtext2                              stringtext2  00000
__Hstringtext20                             stringtext20 00000
__Hstringtext21                             stringtext21 00000
__Hstringtext22                             stringtext22 00000
__Hstringtext23                             stringtext23 00000
__Hstringtext24                             stringtext24 00000
__Hstringtext25                             stringtext25 00000
__Hstringtext26                             stringtext26 00000
__Hstringtext27                             stringtext27 00000
__Hstringtext28                             stringtext28 00000
__Hstringtext29                             stringtext29 00000
__Hstringtext3                              stringtext3  00000
__Hstringtext30                             stringtext30 00000
__Hstringtext31                             stringtext31 00000
__Hstringtext32                             stringtext32 00000
__Hstringtext33                             stringtext33 00000
__Hstringtext34                             stringtext34 00000
__Hstringtext35                             stringtext35 00000
__Hstringtext36                             stringtext36 00000
__Hstringtext37                             stringtext37 00000
__Hstringtext4                              stringtext4  00000
__Hstringtext5                              stringtext5  00000
__Hstringtext6                              stringtext6  00000
__Hstringtext7                              stringtext7  00000
__Hstringtext8                              stringtext8  00000
__Hstringtext9                              stringtext9  00000
__Htext                                     text         00000
__Labs1                                     abs1         00000
__Lbank0                                    bank0        00000
__Lbank1                                    bank1        00000
__Lbank10                                   bank10       00000
__Lbank11                                   bank11       00000
__Lbank12                                   bank12       00000
__Lbank13                                   bank13       00000
__Lbank14                                   bank14       00000
__Lbank15                                   bank15       00000
__Lbank16                                   bank16       00000
__Lbank17                                   bank17       00000
__Lbank18                                   bank18       00000
__Lbank19                                   bank19       00000
__Lbank2                                    bank2        00000
__Lbank20                                   bank20       00000
__Lbank21                                   bank21       00000
__Lbank22                                   bank22       00000
__Lbank23                                   bank23       00000
__Lbank24                                   bank24       00000
__Lbank25                                   bank25       00000
__Lbank26                                   bank26       00000
__Lbank27                                   bank27       00000
__Lbank28                                   bank28       00000
__Lbank29                                   bank29       00000
__Lbank3                                    bank3        00000
__Lbank30                                   bank30       00000
__Lbank31                                   bank31       00000
__Lbank4                                    bank4        00000
__Lbank5                                    bank5        00000
__Lbank6                                    bank6        00000
__Lbank7                                    bank7        00000
__Lbank8                                    bank8        00000
__Lbank9                                    bank9        00000
__Lbigram                                   bigram       00000
__LbssBANK0                                 bssBANK0     00000
__LbssBANK1                                 bssBANK1     00000
__LbssCOMMON                                bssCOMMON    00000
__Lcinit                                    cinit        007DA
__Lclrtext                                  clrtext      00000
__Lcode                                     code         00000
__Lcommon                                   common       00000
__Lconfig                                   config       08007
__LcstackCOMMON                             cstackCOMMON 00000
__LdataBANK0                                dataBANK0    00000
__Leeprom_data                              eeprom_data  00000
__Lend_init                                 end_init     00002
__Lfunctab                                  functab      00000
__LidataBANK0                               idataBANK0   00000
__Lidloc                                    idloc        00000
__Linit                                     init         00002
__Linittext                                 inittext     00000
__Lintentry                                 intentry     00002
__Lmaintext                                 maintext     00000
__LnvBANK0                                  nvBANK0      00000
__Lpowerup                                  powerup      00000
__Lram                                      ram          00000
__Lreset_vec                                reset_vec    00000
__Lsfr0                                     sfr0         00000
__Lsfr1                                     sfr1         00000
__Lsfr10                                    sfr10        00000
__Lsfr11                                    sfr11        00000
__Lsfr12                                    sfr12        00000
__Lsfr13                                    sfr13        00000
__Lsfr14                                    sfr14        00000
__Lsfr15                                    sfr15        00000
__Lsfr16                                    sfr16        00000
__Lsfr17                                    sfr17        00000
__Lsfr18                                    sfr18        00000
__Lsfr19                                    sfr19        00000
__Lsfr2                                     sfr2         00000
__Lsfr20                                    sfr20        00000
__Lsfr21                                    sfr21        00000
__Lsfr22                                    sfr22        00000
__Lsfr23                                    sfr23        00000
__Lsfr24                                    sfr24        00000
__Lsfr25                                    sfr25        00000
__Lsfr26                                    sfr26        00000
__Lsfr27                                    sfr27        00000
__Lsfr28                                    sfr28        00000
__Lsfr29                                    sfr29        00000
__Lsfr3                                     sfr3         00000
__Lsfr30                                    sfr30        00000
__Lsfr31                                    sfr31        00000
__Lsfr4                                     sfr4         00000
__Lsfr5                                     sfr5         00000
__Lsfr6                                     sfr6         00000
__Lsfr7                                     sfr7         00000
__Lsfr8                                     sfr8         00000
__Lsfr9                                     sfr9         00000
__Lspace_0                                  (abs)        00000
__Lspace_1                                  (abs)        00000
__Lspace_2                                  (abs)        00000
__Lspace_3                                  (abs)        00000
__Lstack                                    stack        00000
__Lstrings                                  strings      00000
__Lstringtext1                              stringtext1  00000
__Lstringtext10                             stringtext10 00000
__Lstringtext11                             stringtext11 00000
__Lstringtext12                             stringtext12 00000
__Lstringtext13                             stringtext13 00000
__Lstringtext14                             stringtext14 00000
__Lstringtext15                             stringtext15 00000
__Lstringtext16                             stringtext16 00000
__Lstringtext17                             stringtext17 00000
__Lstringtext18                             stringtext18 00000
__Lstringtext19                             stringtext19 00000
__Lstringtext2                              stringtext2  00000
__Lstringtext20                             stringtext20 00000
__Lstringtext21                             stringtext21 00000
__Lstringtext22                             stringtext22 00000
__Lstringtext23                             stringtext23 00000
__Lstringtext24                             stringtext24 00000
__Lstringtext25                             stringtext25 00000
__Lstringtext26                             stringtext26 00000
__Lstringtext27                             stringtext27 00000
__Lstringtext28                             stringtext28 00000
__Lstringtext29                             stringtext29 00000
__Lstringtext3                              stringtext3  00000
__Lstringtext30                             stringtext30 00000
__Lstringtext31                             stringtext31 00000
__Lstringtext32                             stringtext32 00000
__Lstringtext33                             stringtext33 00000
__Lstringtext34                             stringtext34 00000
__Lstringtext35                             stringtext35 00000
__Lstringtext36                             stringtext36 00000
__Lstringtext37                             stringtext37 00000
__Lstringtext4                              stringtext4  00000
__Lstringtext5                              stringtext5  00000
__Lstringtext6                              stringtext6  00000
__Lstringtext7                              stringtext7  00000
__Lstringtext8                              stringtext8  00000
__Lstringtext9                              stringtext9  00000
__Ltext                                     text         00000
__S0                                        (abs)        08009
__S1                                        (abs)        000F0
__S2                                        (abs)        00000
__S3                                        (abs)        00000
___fpclassifyf@F453                         bssBANK0     0002D
___int_sp                                   stack        00000
___latbits                                  (abs)        00002
___sp                                       stack        00000
__end_of_EUSART_Initialize                  text13       005E3
__end_of_EUSART_Read                        text14       00600
__end_of_EUSART_Write                       text2        005EF
__end_of_IOCBF0_SetInterruptHandler         text11       005AC
__end_of_IOCBF1_SetInterruptHandler         text10       005B2
__end_of_OSCILLATOR_Initialize              text12       005D1
__end_of_PIN_MANAGER_Initialize             text9        00691
__end_of_SYSTEM_Initialize                  text3        00613
__end_of_TMR0_Initialize                    text7        00629
__end_of_TMR0_SetInterruptHandler           text8        005B8
__end_of_TMR1_Initialize                    text5        00641
__end_of_TMR1_SetInterruptHandler           text6        005BE
__end_of_WDT_Initialize                     text4        005A6
__end_of__initialization                    cinit        007FD
__end_of_main                               maintext     007DA
__end_of_send_string                        text1        0065A
__initialization                            cinit        007DA
__pbssBANK0                                 bssBANK0     00020
__pbssBANK1                                 bssBANK1     000A0
__pbssCOMMON                                bssCOMMON    00070
__pcstackCOMMON                             cstackCOMMON 00077
__pdataBANK0                                dataBANK0    00049
__pidataBANK0                               idataBANK0   005D1
__pmaintext                                 maintext     00691
__pnvBANK0                                  nvBANK0      0003E
__pstringtext1                              stringtext1  00800
__pstringtext10                             stringtext10 009EA
__pstringtext11                             stringtext11 00A06
__pstringtext12                             stringtext12 00A20
__pstringtext13                             stringtext13 00A3A
__pstringtext14                             stringtext14 00A54
__pstringtext15                             stringtext15 00A6E
__pstringtext16                             stringtext16 00A87
__pstringtext17                             stringtext17 00AA0
__pstringtext18                             stringtext18 00AB8
__pstringtext19                             stringtext19 00AD0
__pstringtext2                              stringtext2  0087A
__pstringtext20                             stringtext20 00AE4
__pstringtext21                             stringtext21 00AF8
__pstringtext22                             stringtext22 00B06
__pstringtext23                             stringtext23 00B14
__pstringtext24                             stringtext24 00B1B
__pstringtext25                             stringtext25 00B21
__pstringtext26                             stringtext26 00B27
__pstringtext27                             stringtext27 00B2C
__pstringtext28                             stringtext28 00B31
__pstringtext29                             stringtext29 00B36
__pstringtext3                              stringtext3  008B9
__pstringtext30                             stringtext30 00B3A
__pstringtext31                             stringtext31 00B3E
__pstringtext32                             stringtext32 00B42
__pstringtext33                             stringtext33 00B46
__pstringtext34                             stringtext34 00B4A
__pstringtext35                             stringtext35 00B4E
__pstringtext36                             stringtext36 00B52
__pstringtext37                             stringtext37 00000
__pstringtext4                              stringtext4  008EE
__pstringtext5                              stringtext5  00920
__pstringtext6                              stringtext6  0094F
__pstringtext7                              stringtext7  0097E
__pstringtext8                              stringtext8  009A7
__pstringtext9                              stringtext9  009CE
__ptext1                                    text1        00641
__ptext10                                   text10       005AC
__ptext11                                   text11       005A6
__ptext12                                   text12       005CA
__ptext13                                   text13       005D8
__ptext14                                   text14       005EF
__ptext2                                    text2        005E3
__ptext3                                    text3        00600
__ptext4                                    text4        005A2
__ptext5                                    text5        00629
__ptext6                                    text6        005B8
__ptext7                                    text7        00613
__ptext8                                    text8        005B2
__ptext9                                    text9        0065A
__size_of_EUSART_Initialize                 (abs)        00000
__size_of_EUSART_Read                       (abs)        00000
__size_of_EUSART_Write                      (abs)        00000
__size_of_IOCBF0_SetInterruptHandler        (abs)        00000
__size_of_IOCBF1_SetInterruptHandler        (abs)        00000
__size_of_OSCILLATOR_Initialize             (abs)        00000
__size_of_PIN_MANAGER_Initialize            (abs)        00000
__size_of_SYSTEM_Initialize                 (abs)        00000
__size_of_TMR0_Initialize                   (abs)        00000
__size_of_TMR0_SetInterruptHandler          (abs)        00000
__size_of_TMR1_Initialize                   (abs)        00000
__size_of_TMR1_SetInterruptHandler          (abs)        00000
__size_of_WDT_Initialize                    (abs)        00000
__size_of_main                              (abs)        00000
__size_of_send_string                       (abs)        00000
_dbuf                                       bssBANK1     000A0
_flags                                      bssBANK0     00037
_in0                                        bssCOMMON    00072
_in1                                        bssCOMMON    00071
_main                                       maintext     00691
_nout                                       bssBANK0     00031
_out0                                       bssCOMMON    00076
_out1                                       bssCOMMON    00075
_out2                                       bssCOMMON    00074
_out3                                       bssCOMMON    00073
_prec                                       bssBANK0     00035
_send_string                                text1        00641
_timer0ReloadVal                            nvBANK0      00048
_timer1ReloadVal                            nvBANK0      00042
_width                                      bssBANK0     00033
btemp                                       (abs)        0007E
clear_ram0                                  clrtext      005BE
end_of_initialization                       cinit        007FD
floorf@F514                                 bssBANK0     00029
init_ram                                    inittext     005C4
intlevel0                                   functab      00000
intlevel1                                   functab      00000
intlevel2                                   functab      00000
intlevel3                                   functab      00000
intlevel4                                   functab      00000
intlevel5                                   functab      00000
main@console                                cstackCOMMON 0007D
reset_vec                                   reset_vec    00000
send_string@x                               cstackCOMMON 00078
stackhi                                     (abs)        021EF
stacklo                                     (abs)        020A0
start                                       init         00002
start_initialization                        cinit        007DA
stoa@F1148                                  dataBANK0    00049
wtemp0                                      (abs)        0007E


FUNCTION INFORMATION:

 *************** function _main *****************
 Defined at:
		line 50 in file "main.c"
 Parameters:    Size  Location     Type
		None
 Auto vars:     Size  Location     Type
  console         1    6[COMMON] unsigned char 
 Return value:  Size  Location     Type
                  1    wreg      void 
 Registers used:
		wreg, fsr0l, fsr0h, status,2, status,0, pclath, cstack
 Tracked objects:
		On entry : 
		On exit  : 
		Unchanged: 
 Data sizes:     COMMON   BANK0   BANK1   BANK2   BANK3   BANK4   BANK5   BANK6
      Params:         0       0       0       0       0       0       0       0
      Locals:         1       0       0       0       0       0       0       0
      Temps:          2       0       0       0       0       0       0       0
      Totals:         3       0       0       0       0       0       0       0
Total ram usage:        3 bytes
 Hardware stack levels required when called:    3
 This function calls:
		_EUSART_Read
		_SYSTEM_Initialize
		_send_string
 This function is called by:
		Startup code after reset
 This function uses a non-reentrant model


 *************** function _send_string *****************
 Defined at:
		line 9 in file "input.c"
 Parameters:    Size  Location     Type
  x               2    1[COMMON] PTR const unsigned char 
		 -> STR_28(7), STR_27(6), STR_26(20), STR_25(7), 
		 -> STR_24(6), STR_23(20), STR_22(28), STR_21(5), 
		 -> STR_20(26), STR_19(5), STR_18(28), STR_17(5), 
		 -> STR_16(26), STR_15(5), STR_14(53), STR_13(47), 
		 -> STR_12(47), STR_11(25), STR_10(25), STR_9(63), 
		 -> STR_8(41), STR_7(53), STR_6(122), STR_5(39), 
		 -> STR_4(5), STR_3(4), 
 Auto vars:     Size  Location     Type
		None
 Return value:  Size  Location     Type
                  1    wreg      void 
 Registers used:
		wreg, fsr0l, fsr0h, status,2, status,0, pclath, cstack
 Tracked objects:
		On entry : 
		On exit  : 
		Unchanged: 
 Data sizes:     COMMON   BANK0   BANK1   BANK2   BANK3   BANK4   BANK5   BANK6
      Params:         2       0       0       0       0       0       0       0
      Locals:         0       0       0       0       0       0       0       0
      Temps:          1       0       0       0       0       0       0       0
      Totals:         3       0       0       0       0       0       0       0
Total ram usage:        3 bytes
 Hardware stack levels used:    1
 Hardware stack levels required when called:    1
 This function calls:
		_EUSART_Write
 This function is called by:
		_main
 This function uses a non-reentrant model


 *************** function _EUSART_Write *****************
 Defined at:
		line 111 in file "mcc_generated_files/eusart.c"
 Parameters:    Size  Location     Type
  txData          1    wreg     unsigned char 
 Auto vars:     Size  Location     Type
  txData          1    0[COMMON] unsigned char 
 Return value:  Size  Location     Type
                  1    wreg      void 
 Registers used:
		wreg
 Tracked objects:
		On entry : 
		On exit  : 
		Unchanged: 
 Data sizes:     COMMON   BANK0   BANK1   BANK2   BANK3   BANK4   BANK5   BANK6
      Params:         0       0       0       0       0       0       0       0
      Locals:         1       0       0       0       0       0       0       0
      Temps:          0       0       0       0       0       0       0       0
      Totals:         1       0       0       0       0       0       0       0
Total ram usage:        1 bytes
 Hardware stack levels used:    1
 This function calls:
		Nothing
 This function is called by:
		_send_string
		_putch
 This function uses a non-reentrant model


 *************** function _SYSTEM_Initialize *****************
 Defined at:
		line 50 in file "mcc_generated_files/mcc.c"
 Parameters:    Size  Location     Type
		None
 Auto vars:     Size  Location     Type
		None
 Return value:  Size  Location     Type
                  1    wreg      void 
 Registers used:
		wreg, status,2, status,0, pclath, cstack
 Tracked objects:
		On entry : 
		On exit  : 
		Unchanged: 
 Data sizes:     COMMON   BANK0   BANK1   BANK2   BANK3   BANK4   BANK5   BANK6
      Params:         0       0       0       0       0       0       0       0
      Locals:         0       0       0       0       0       0       0       0
      Temps:          0       0       0       0       0       0       0       0
      Totals:         0       0       0       0       0       0       0       0
Total ram usage:        0 bytes
 Hardware stack levels used:    1
 Hardware stack levels required when called:    2
 This function calls:
		_EUSART_Initialize
		_OSCILLATOR_Initialize
		_PIN_MANAGER_Initialize
		_TMR0_Initialize
		_TMR1_Initialize
		_WDT_Initialize
 This function is called by:
		_main
 This function uses a non-reentrant model


 *************** function _WDT_Initialize *****************
 Defined at:
		line 71 in file "mcc_generated_files/mcc.c"
 Parameters:    Size  Location     Type
		None
 Auto vars:     Size  Location     Type
		None
 Return value:  Size  Location     Type
                  1    wreg      void 
 Registers used:
		wreg
 Tracked objects:
		On entry : 
		On exit  : 
		Unchanged: 
 Data sizes:     COMMON   BANK0   BANK1   BANK2   BANK3   BANK4   BANK5   BANK6
      Params:         0       0       0       0       0       0       0       0
      Locals:         0       0       0       0       0       0       0       0
      Temps:          0       0       0       0       0       0       0       0
      Totals:         0       0       0       0       0       0       0       0
Total ram usage:        0 bytes
 Hardware stack levels used:    1
 This function calls:
		Nothing
 This function is called by:
		_SYSTEM_Initialize
 This function uses a non-reentrant model


 *************** function _TMR1_Initialize *****************
 Defined at:
		line 65 in file "mcc_generated_files/tmr1.c"
 Parameters:    Size  Location     Type
		None
 Auto vars:     Size  Location     Type
		None
 Return value:  Size  Location     Type
                  1    wreg      void 
 Registers used:
		wreg, status,2, status,0, pclath, cstack
 Tracked objects:
		On entry : 
		On exit  : 
		Unchanged: 
 Data sizes:     COMMON   BANK0   BANK1   BANK2   BANK3   BANK4   BANK5   BANK6
      Params:         0       0       0       0       0       0       0       0
      Locals:         0       0       0       0       0       0       0       0
      Temps:          0       0       0       0       0       0       0       0
      Totals:         0       0       0       0       0       0       0       0
Total ram usage:        0 bytes
 Hardware stack levels used:    1
 Hardware stack levels required when called:    1
 This function calls:
		_TMR1_SetInterruptHandler
 This function is called by:
		_SYSTEM_Initialize
 This function uses a non-reentrant model


 *************** function _TMR1_SetInterruptHandler *****************
 Defined at:
		line 197 in file "mcc_generated_files/tmr1.c"
 Parameters:    Size  Location     Type
  InterruptHan    2    0[COMMON] PTR FTN()void 
		 -> TMR1_DefaultInterruptHandler(1), 
 Auto vars:     Size  Location     Type
		None
 Return value:  Size  Location     Type
                  1    wreg      void 
 Registers used:
		wreg
 Tracked objects:
		On entry : 
		On exit  : 
		Unchanged: 
 Data sizes:     COMMON   BANK0   BANK1   BANK2   BANK3   BANK4   BANK5   BANK6
      Params:         2       0       0       0       0       0       0       0
      Locals:         0       0       0       0       0       0       0       0
      Temps:          0       0       0       0       0       0       0       0
      Totals:         2       0       0       0       0       0       0       0
Total ram usage:        2 bytes
 Hardware stack levels used:    1
 This function calls:
		Nothing
 This function is called by:
		_TMR1_Initialize
 This function uses a non-reentrant model


 *************** function _TMR0_Initialize *****************
 Defined at:
		line 65 in file "mcc_generated_files/tmr0.c"
 Parameters:    Size  Location     Type
		None
 Auto vars:     Size  Location     Type
		None
 Return value:  Size  Location     Type
                  1    wreg      void 
 Registers used:
		wreg, status,2, status,0, pclath, cstack
 Tracked objects:
		On entry : 
		On exit  : 
		Unchanged: 
 Data sizes:     COMMON   BANK0   BANK1   BANK2   BANK3   BANK4   BANK5   BANK6
      Params:         0       0       0       0       0       0       0       0
      Locals:         0       0       0       0       0       0       0       0
      Temps:          1       0       0       0       0       0       0       0
      Totals:         1       0       0       0       0       0       0       0
Total ram usage:        1 bytes
 Hardware stack levels used:    1
 Hardware stack levels required when called:    1
 This function calls:
		_TMR0_SetInterruptHandler
 This function is called by:
		_SYSTEM_Initialize
 This function uses a non-reentrant model


 *************** function _TMR0_SetInterruptHandler *****************
 Defined at:
		line 157 in file "mcc_generated_files/tmr0.c"
 Parameters:    Size  Location     Type
  InterruptHan    2    0[COMMON] PTR FTN()void 
		 -> TMR0_DefaultInterruptHandler(1), 
 Auto vars:     Size  Location     Type
		None
 Return value:  Size  Location     Type
                  1    wreg      void 
 Registers used:
		wreg
 Tracked objects:
		On entry : 
		On exit  : 
		Unchanged: 
 Data sizes:     COMMON   BANK0   BANK1   BANK2   BANK3   BANK4   BANK5   BANK6
      Params:         2       0       0       0       0       0       0       0
      Locals:         0       0       0       0       0       0       0       0
      Temps:          0       0       0       0       0       0       0       0
      Totals:         2       0       0       0       0       0       0       0
Total ram usage:        2 bytes
 Hardware stack levels used:    1
 This function calls:
		Nothing
 This function is called by:
		_TMR0_Initialize
 This function uses a non-reentrant model


 *************** function _PIN_MANAGER_Initialize *****************
 Defined at:
		line 61 in file "mcc_generated_files/pin_manager.c"
 Parameters:    Size  Location     Type
		None
 Auto vars:     Size  Location     Type
		None
 Return value:  Size  Location     Type
                  1    wreg      void 
 Registers used:
		wreg, status,2, status,0, pclath, cstack
 Tracked objects:
		On entry : 
		On exit  : 
		Unchanged: 
 Data sizes:     COMMON   BANK0   BANK1   BANK2   BANK3   BANK4   BANK5   BANK6
      Params:         0       0       0       0       0       0       0       0
      Locals:         0       0       0       0       0       0       0       0
      Temps:          0       0       0       0       0       0       0       0
      Totals:         0       0       0       0       0       0       0       0
Total ram usage:        0 bytes
 Hardware stack levels used:    1
 Hardware stack levels required when called:    1
 This function calls:
		_IOCBF0_SetInterruptHandler
		_IOCBF1_SetInterruptHandler
 This function is called by:
		_SYSTEM_Initialize
 This function uses a non-reentrant model


 *************** function _IOCBF1_SetInterruptHandler *****************
 Defined at:
		line 209 in file "mcc_generated_files/pin_manager.c"
 Parameters:    Size  Location     Type
  InterruptHan    2    0[COMMON] PTR FTN()void 
		 -> IOCBF1_DefaultInterruptHandler(1), 
 Auto vars:     Size  Location     Type
		None
 Return value:  Size  Location     Type
                  1    wreg      void 
 Registers used:
		wreg
 Tracked objects:
		On entry : 
		On exit  : 
		Unchanged: 
 Data sizes:     COMMON   BANK0   BANK1   BANK2   BANK3   BANK4   BANK5   BANK6
      Params:         2       0       0       0       0       0       0       0
      Locals:         0       0       0       0       0       0       0       0
      Temps:          0       0       0       0       0       0       0       0
      Totals:         2       0       0       0       0       0       0       0
Total ram usage:        2 bytes
 Hardware stack levels used:    1
 This function calls:
		Nothing
 This function is called by:
		_PIN_MANAGER_Initialize
 This function uses a non-reentrant model


 *************** function _IOCBF0_SetInterruptHandler *****************
 Defined at:
		line 178 in file "mcc_generated_files/pin_manager.c"
 Parameters:    Size  Location     Type
  InterruptHan    2    0[COMMON] PTR FTN()void 
		 -> IOCBF0_DefaultInterruptHandler(1), 
 Auto vars:     Size  Location     Type
		None
 Return value:  Size  Location     Type
                  1    wreg      void 
 Registers used:
		wreg
 Tracked objects:
		On entry : 
		On exit  : 
		Unchanged: 
 Data sizes:     COMMON   BANK0   BANK1   BANK2   BANK3   BANK4   BANK5   BANK6
      Params:         2       0       0       0       0       0       0       0
      Locals:         0       0       0       0       0       0       0       0
      Temps:          0       0       0       0       0       0       0       0
      Totals:         2       0       0       0       0       0       0       0
Total ram usage:        2 bytes
 Hardware stack levels used:    1
 This function calls:
		Nothing
 This function is called by:
		_PIN_MANAGER_Initialize
 This function uses a non-reentrant model


 *************** function _OSCILLATOR_Initialize *****************
 Defined at:
		line 61 in file "mcc_generated_files/mcc.c"
 Parameters:    Size  Location     Type
		None
 Auto vars:     Size  Location     Type
		None
 Return value:  Size  Location     Type
                  1    wreg      void 
 Registers used:
		wreg, status,2
 Tracked objects:
		On entry : 
		On exit  : 
		Unchanged: 
 Data sizes:     COMMON   BANK0   BANK1   BANK2   BANK3   BANK4   BANK5   BANK6
      Params:         0       0       0       0       0       0       0       0
      Locals:         0       0       0       0       0       0       0       0
      Temps:          0       0       0       0       0       0       0       0
      Totals:         0       0       0       0       0       0       0       0
Total ram usage:        0 bytes
 Hardware stack levels used:    1
 This function calls:
		Nothing
 This function is called by:
		_SYSTEM_Initialize
 This function uses a non-reentrant model


 *************** function _EUSART_Initialize *****************
 Defined at:
		line 56 in file "mcc_generated_files/eusart.c"
 Parameters:    Size  Location     Type
		None
 Auto vars:     Size  Location     Type
		None
 Return value:  Size  Location     Type
                  1    wreg      void 
 Registers used:
		wreg, status,2
 Tracked objects:
		On entry : 
		On exit  : 
		Unchanged: 
 Data sizes:     COMMON   BANK0   BANK1   BANK2   BANK3   BANK4   BANK5   BANK6
      Params:         0       0       0       0       0       0       0       0
      Locals:         0       0       0       0       0       0       0       0
      Temps:          0       0       0       0       0       0       0       0
      Totals:         0       0       0       0       0       0       0       0
Total ram usage:        0 bytes
 Hardware stack levels used:    1
 This function calls:
		Nothing
 This function is called by:
		_SYSTEM_Initialize
 This function uses a non-reentrant model


 *************** function _EUSART_Read *****************
 Defined at:
		line 93 in file "mcc_generated_files/eusart.c"
 Parameters:    Size  Location     Type
		None
 Auto vars:     Size  Location     Type
		None
 Return value:  Size  Location     Type
                  1    wreg      unsigned char 
 Registers used:
		wreg
 Tracked objects:
		On entry : 
		On exit  : 
		Unchanged: 
 Data sizes:     COMMON   BANK0   BANK1   BANK2   BANK3   BANK4   BANK5   BANK6
      Params:         0       0       0       0       0       0       0       0
      Locals:         0       0       0       0       0       0       0       0
      Temps:          0       0       0       0       0       0       0       0
      Totals:         0       0       0       0       0       0       0       0
Total ram usage:        0 bytes
 Hardware stack levels used:    1
 This function calls:
		Nothing
 This function is called by:
		_main
		_getch
 This function uses a non-reentrant model



MODULE INFORMATION

Module		Function		Class		Link	Load	Size
input.c
		_send_string   		CODE           	0641	0000	26

input.c estimated size: 26

mcc_generated_files/tmr0.c
		_TMR0_SetInterruptHandler		CODE           	05B2	0000	7
		_TMR0_Initialize		CODE           	0613	0000	23

mcc_generated_files/tmr0.c estimated size: 30

mcc_generated_files/pin_manager.c
		_PIN_MANAGER_Initialize		CODE           	065A	0000	56
		_IOCBF0_SetInterruptHandler		CODE           	05A6	0000	7
		_IOCBF1_SetInterruptHandler		CODE           	05AC	0000	7

mcc_generated_files/pin_manager.c estimated size: 70

shared
		__initialization		CODE           	07DA	0000	36

shared estimated size: 36

mcc_generated_files/mcc.c
		_WDT_Initialize		CODE           	05A2	0000	5
		_OSCILLATOR_Initialize		CODE           	05CA	0000	8
		_SYSTEM_Initialize		CODE           	0600	0000	20

mcc_generated_files/mcc.c estimated size: 33

mcc_generated_files/tmr1.c
		_TMR1_Initialize		CODE           	0629	0000	25
		_TMR1_SetInterruptHandler		CODE           	05B8	0000	7

mcc_generated_files/tmr1.c estimated size: 32

mcc_generated_files/eusart.c
		_EUSART_Read   		CODE           	05EF	0000	18
		_EUSART_Write  		CODE           	05E3	0000	13
		_EUSART_Initialize		CODE           	05D8	0000	12

mcc_generated_files/eusart.c estimated size: 43

main.c
		_main          		CODE           	0691	0000	330

main.c estimated size: 330

