#-----------------------------------------------------------
# Vivado v2015.2 (64-bit)
# SW Build 1266856 on Fri Jun 26 16:35:25 MDT 2015
# IP Build 1264090 on Wed Jun 24 14:22:01 MDT 2015
# Start of session at: Tue May 22 09:33:22 2018
# Process ID: 3520
# Log file: I:/HTW/4. FS/PL-Labor/Digitaluhr/vivado.log
# Journal file: I:/HTW/4. FS/PL-Labor/Digitaluhr\vivado.jou
#-----------------------------------------------------------
start_gui
open_project {I:/HTW/4. FS/PL-Labor/Digitaluhr/Digitaluhr.xpr}
reset_run synth_1
launch_runs synth_1
wait_on_run synth_1
file mkdir I:/HTW/4. FS/PL-Labor/Digitaluhr/Digitaluhr.srcs/sim_1/new
file mkdir I:/HTW/4. FS/PL-Labor/Digitaluhr/Digitaluhr.srcs/sim_1/new
file mkdir I:/HTW/4. FS/PL-Labor/Digitaluhr/Digitaluhr.srcs/sim_1/new
file mkdir I:/HTW/4. FS/PL-Labor/Digitaluhr/Digitaluhr.srcs/sim_1/new
file mkdir I:/HTW/4. FS/PL-Labor/Digitaluhr/Digitaluhr.srcs/sim_1/new
set_property SOURCE_SET sources_1 [get_filesets sim_1]
file mkdir I:/HTW/4. FS/PL-Labor/Digitaluhr/Digitaluhr.srcs/sim_1/new
file mkdir {I:/HTW/4. FS/PL-Labor/Digitaluhr/Digitaluhr.srcs/sim_1/new}
close [ open {I:/HTW/4. FS/PL-Labor/Digitaluhr/Digitaluhr.srcs/sim_1/new/Testbench_Digitaluhr.vhd} w ]
add_files -fileset sim_1 {{I:/HTW/4. FS/PL-Labor/Digitaluhr/Digitaluhr.srcs/sim_1/new/Testbench_Digitaluhr.vhd}}
update_compile_order -fileset sim_1
update_compile_order -fileset sim_1
update_compile_order -fileset sim_1
launch_simulation
source Testbench_Digitaluhr.tcl
close_sim
